nohup: ignoring input
[dotenv@17.2.3] injecting env (8) from .env -- tip: ⚙️  load multiple .env files with { path: ['.env.local', '.env'] }
🚀 Server đang chạy tại http://localhost:5000
📚 Bookstore Management System API
🌍 Environment: development
prisma:query SELECT `bansach`.`nhanvien`.`MaNV`, `bansach`.`nhanvien`.`TenDangNhap`, `bansach`.`nhanvien`.`MatKhau`, `bansach`.`nhanvien`.`HoTen`, `bansach`.`nhanvien`.`Email`, `bansach`.`nhanvien`.`SoDienThoai`, `bansach`.`nhanvien`.`VaiTro`, `bansach`.`nhanvien`.`TrangThai`, `bansach`.`nhanvien`.`CreatedAt`, `bansach`.`nhanvien`.`UpdatedAt` FROM `bansach`.`nhanvien` WHERE (`bansach`.`nhanvien`.`TenDangNhap` = ? AND 1=1) LIMIT ? OFFSET ?
prisma:query SELECT `bansach`.`nhanvien`.`MaNV`, `bansach`.`nhanvien`.`TenDangNhap`, `bansach`.`nhanvien`.`HoTen`, `bansach`.`nhanvien`.`VaiTro`, `bansach`.`nhanvien`.`TrangThai` FROM `bansach`.`nhanvien` WHERE (`bansach`.`nhanvien`.`MaNV` = ? AND 1=1) LIMIT ? OFFSET ?
prisma:query SELECT COUNT(*) FROM (SELECT `bansach`.`nhanvien`.`MaNV` FROM `bansach`.`nhanvien` WHERE 1=1) AS `sub`
prisma:query SELECT `bansach`.`nhanvien`.`MaNV`, `bansach`.`nhanvien`.`TenDangNhap`, `bansach`.`nhanvien`.`HoTen`, `bansach`.`nhanvien`.`Email`, `bansach`.`nhanvien`.`SoDienThoai`, `bansach`.`nhanvien`.`VaiTro`, `bansach`.`nhanvien`.`TrangThai`, `bansach`.`nhanvien`.`CreatedAt`, `bansach`.`nhanvien`.`UpdatedAt` FROM `bansach`.`nhanvien` WHERE 1=1 ORDER BY `bansach`.`nhanvien`.`CreatedAt` DESC LIMIT ? OFFSET ?
prisma:query SELECT 1
prisma:query SELECT `bansach`.`nhanvien`.`MaNV`, `bansach`.`nhanvien`.`TenDangNhap`, `bansach`.`nhanvien`.`MatKhau`, `bansach`.`nhanvien`.`HoTen`, `bansach`.`nhanvien`.`Email`, `bansach`.`nhanvien`.`SoDienThoai`, `bansach`.`nhanvien`.`VaiTro`, `bansach`.`nhanvien`.`TrangThai`, `bansach`.`nhanvien`.`CreatedAt`, `bansach`.`nhanvien`.`UpdatedAt` FROM `bansach`.`nhanvien` WHERE (`bansach`.`nhanvien`.`TenDangNhap` = ? AND 1=1) LIMIT ? OFFSET ?
prisma:query SELECT `bansach`.`nhanvien`.`MaNV`, `bansach`.`nhanvien`.`TenDangNhap`, `bansach`.`nhanvien`.`HoTen`, `bansach`.`nhanvien`.`VaiTro`, `bansach`.`nhanvien`.`TrangThai` FROM `bansach`.`nhanvien` WHERE (`bansach`.`nhanvien`.`MaNV` = ? AND 1=1) LIMIT ? OFFSET ?
prisma:query SELECT COUNT(*) FROM (SELECT `bansach`.`nhanvien`.`MaNV` FROM `bansach`.`nhanvien` WHERE 1=1) AS `sub`
prisma:query SELECT `bansach`.`nhanvien`.`MaNV`, `bansach`.`nhanvien`.`TenDangNhap`, `bansach`.`nhanvien`.`HoTen`, `bansach`.`nhanvien`.`Email`, `bansach`.`nhanvien`.`SoDienThoai`, `bansach`.`nhanvien`.`VaiTro`, `bansach`.`nhanvien`.`TrangThai`, `bansach`.`nhanvien`.`CreatedAt`, `bansach`.`nhanvien`.`UpdatedAt` FROM `bansach`.`nhanvien` WHERE 1=1 ORDER BY `bansach`.`nhanvien`.`CreatedAt` DESC LIMIT ? OFFSET ?
prisma:query SELECT `bansach`.`nhanvien`.`MaNV`, `bansach`.`nhanvien`.`TenDangNhap`, `bansach`.`nhanvien`.`MatKhau`, `bansach`.`nhanvien`.`HoTen`, `bansach`.`nhanvien`.`Email`, `bansach`.`nhanvien`.`SoDienThoai`, `bansach`.`nhanvien`.`VaiTro`, `bansach`.`nhanvien`.`TrangThai`, `bansach`.`nhanvien`.`CreatedAt`, `bansach`.`nhanvien`.`UpdatedAt` FROM `bansach`.`nhanvien` WHERE (`bansach`.`nhanvien`.`TenDangNhap` = ? AND 1=1) LIMIT ? OFFSET ?
prisma:query SELECT 1
prisma:query SELECT `bansach`.`nhanvien`.`MaNV`, `bansach`.`nhanvien`.`TenDangNhap`, `bansach`.`nhanvien`.`HoTen`, `bansach`.`nhanvien`.`VaiTro`, `bansach`.`nhanvien`.`TrangThai` FROM `bansach`.`nhanvien` WHERE (`bansach`.`nhanvien`.`MaNV` = ? AND 1=1) LIMIT ? OFFSET ?
prisma:query SELECT `bansach`.`nhanvien`.`MaNV`, `bansach`.`nhanvien`.`TenDangNhap`, `bansach`.`nhanvien`.`MatKhau`, `bansach`.`nhanvien`.`HoTen`, `bansach`.`nhanvien`.`Email`, `bansach`.`nhanvien`.`SoDienThoai`, `bansach`.`nhanvien`.`VaiTro`, `bansach`.`nhanvien`.`TrangThai`, `bansach`.`nhanvien`.`CreatedAt`, `bansach`.`nhanvien`.`UpdatedAt` FROM `bansach`.`nhanvien` WHERE (`bansach`.`nhanvien`.`TenDangNhap` = ? AND 1=1) LIMIT ? OFFSET ?
prisma:query SELECT `bansach`.`nhanvien`.`MaNV`, `bansach`.`nhanvien`.`TenDangNhap`, `bansach`.`nhanvien`.`MatKhau`, `bansach`.`nhanvien`.`HoTen`, `bansach`.`nhanvien`.`Email`, `bansach`.`nhanvien`.`SoDienThoai`, `bansach`.`nhanvien`.`VaiTro`, `bansach`.`nhanvien`.`TrangThai`, `bansach`.`nhanvien`.`CreatedAt`, `bansach`.`nhanvien`.`UpdatedAt` FROM `bansach`.`nhanvien` WHERE (`bansach`.`nhanvien`.`Email` = ? AND 1=1) LIMIT ? OFFSET ?
prisma:query BEGIN
prisma:query INSERT INTO `bansach`.`nhanvien` (`MaNV`,`TenDangNhap`,`MatKhau`,`HoTen`,`Email`,`VaiTro`,`TrangThai`,`CreatedAt`,`UpdatedAt`) VALUES (?,?,?,?,?,?,?,?,?)
prisma:query SELECT `bansach`.`nhanvien`.`MaNV`, `bansach`.`nhanvien`.`TenDangNhap`, `bansach`.`nhanvien`.`HoTen`, `bansach`.`nhanvien`.`Email`, `bansach`.`nhanvien`.`SoDienThoai`, `bansach`.`nhanvien`.`VaiTro`, `bansach`.`nhanvien`.`TrangThai`, `bansach`.`nhanvien`.`CreatedAt` FROM `bansach`.`nhanvien` WHERE `bansach`.`nhanvien`.`MaNV` = ? LIMIT ? OFFSET ?
prisma:query COMMIT
prisma:query SELECT `bansach`.`nhanvien`.`MaNV`, `bansach`.`nhanvien`.`TenDangNhap`, `bansach`.`nhanvien`.`MatKhau`, `bansach`.`nhanvien`.`HoTen`, `bansach`.`nhanvien`.`Email`, `bansach`.`nhanvien`.`SoDienThoai`, `bansach`.`nhanvien`.`VaiTro`, `bansach`.`nhanvien`.`TrangThai`, `bansach`.`nhanvien`.`CreatedAt`, `bansach`.`nhanvien`.`UpdatedAt` FROM `bansach`.`nhanvien` WHERE (`bansach`.`nhanvien`.`TenDangNhap` = ? AND 1=1) LIMIT ? OFFSET ?
prisma:query SELECT `bansach`.`nhanvien`.`MaNV`, `bansach`.`nhanvien`.`TenDangNhap`, `bansach`.`nhanvien`.`HoTen`, `bansach`.`nhanvien`.`VaiTro`, `bansach`.`nhanvien`.`TrangThai` FROM `bansach`.`nhanvien` WHERE (`bansach`.`nhanvien`.`MaNV` = ? AND 1=1) LIMIT ? OFFSET ?
prisma:query SELECT `bansach`.`nhanvien`.`MaNV`, `bansach`.`nhanvien`.`TenDangNhap`, `bansach`.`nhanvien`.`MatKhau`, `bansach`.`nhanvien`.`HoTen`, `bansach`.`nhanvien`.`Email`, `bansach`.`nhanvien`.`SoDienThoai`, `bansach`.`nhanvien`.`VaiTro`, `bansach`.`nhanvien`.`TrangThai`, `bansach`.`nhanvien`.`CreatedAt`, `bansach`.`nhanvien`.`UpdatedAt` FROM `bansach`.`nhanvien` WHERE (`bansach`.`nhanvien`.`TenDangNhap` = ? AND 1=1) LIMIT ? OFFSET ?
prisma:query SELECT `bansach`.`nhanvien`.`MaNV`, `bansach`.`nhanvien`.`TenDangNhap`, `bansach`.`nhanvien`.`MatKhau`, `bansach`.`nhanvien`.`HoTen`, `bansach`.`nhanvien`.`Email`, `bansach`.`nhanvien`.`SoDienThoai`, `bansach`.`nhanvien`.`VaiTro`, `bansach`.`nhanvien`.`TrangThai`, `bansach`.`nhanvien`.`CreatedAt`, `bansach`.`nhanvien`.`UpdatedAt` FROM `bansach`.`nhanvien` WHERE (`bansach`.`nhanvien`.`TenDangNhap` = ? AND 1=1) LIMIT ? OFFSET ?
prisma:query SELECT 1
prisma:query SELECT `bansach`.`nhanvien`.`MaNV`, `bansach`.`nhanvien`.`TenDangNhap`, `bansach`.`nhanvien`.`MatKhau`, `bansach`.`nhanvien`.`HoTen`, `bansach`.`nhanvien`.`Email`, `bansach`.`nhanvien`.`SoDienThoai`, `bansach`.`nhanvien`.`VaiTro`, `bansach`.`nhanvien`.`TrangThai`, `bansach`.`nhanvien`.`CreatedAt`, `bansach`.`nhanvien`.`UpdatedAt` FROM `bansach`.`nhanvien` WHERE (`bansach`.`nhanvien`.`TenDangNhap` = ? AND 1=1) LIMIT ? OFFSET ?
prisma:query SELECT `bansach`.`nhanvien`.`MaNV`, `bansach`.`nhanvien`.`TenDangNhap`, `bansach`.`nhanvien`.`HoTen`, `bansach`.`nhanvien`.`VaiTro`, `bansach`.`nhanvien`.`TrangThai` FROM `bansach`.`nhanvien` WHERE (`bansach`.`nhanvien`.`MaNV` = ? AND 1=1) LIMIT ? OFFSET ?
prisma:query SELECT `bansach`.`nhanvien`.`MaNV`, `bansach`.`nhanvien`.`TenDangNhap`, `bansach`.`nhanvien`.`HoTen`, `bansach`.`nhanvien`.`Email`, `bansach`.`nhanvien`.`SoDienThoai`, `bansach`.`nhanvien`.`VaiTro`, `bansach`.`nhanvien`.`TrangThai`, `bansach`.`nhanvien`.`CreatedAt` FROM `bansach`.`nhanvien` WHERE (`bansach`.`nhanvien`.`MaNV` = ? AND 1=1) LIMIT ? OFFSET ?
prisma:query SELECT `bansach`.`nhanvien`.`MaNV`, `bansach`.`nhanvien`.`TenDangNhap`, `bansach`.`nhanvien`.`HoTen`, `bansach`.`nhanvien`.`VaiTro`, `bansach`.`nhanvien`.`TrangThai` FROM `bansach`.`nhanvien` WHERE (`bansach`.`nhanvien`.`MaNV` = ? AND 1=1) LIMIT ? OFFSET ?
prisma:query SELECT `bansach`.`nhanvien`.`MaNV`, `bansach`.`nhanvien`.`TenDangNhap`, `bansach`.`nhanvien`.`HoTen`, `bansach`.`nhanvien`.`Email`, `bansach`.`nhanvien`.`SoDienThoai`, `bansach`.`nhanvien`.`VaiTro`, `bansach`.`nhanvien`.`TrangThai`, `bansach`.`nhanvien`.`CreatedAt` FROM `bansach`.`nhanvien` WHERE (`bansach`.`nhanvien`.`MaNV` = ? AND 1=1) LIMIT ? OFFSET ?
prisma:query SELECT `bansach`.`nhanvien`.`MaNV`, `bansach`.`nhanvien`.`TenDangNhap`, `bansach`.`nhanvien`.`HoTen`, `bansach`.`nhanvien`.`VaiTro`, `bansach`.`nhanvien`.`TrangThai` FROM `bansach`.`nhanvien` WHERE (`bansach`.`nhanvien`.`MaNV` = ? AND 1=1) LIMIT ? OFFSET ?
prisma:query SELECT `bansach`.`nhanvien`.`MaNV`, `bansach`.`nhanvien`.`TenDangNhap`, `bansach`.`nhanvien`.`HoTen`, `bansach`.`nhanvien`.`Email`, `bansach`.`nhanvien`.`SoDienThoai`, `bansach`.`nhanvien`.`VaiTro`, `bansach`.`nhanvien`.`TrangThai`, `bansach`.`nhanvien`.`CreatedAt` FROM `bansach`.`nhanvien` WHERE (`bansach`.`nhanvien`.`MaNV` = ? AND 1=1) LIMIT ? OFFSET ?
prisma:query SELECT `bansach`.`nhanvien`.`MaNV`, `bansach`.`nhanvien`.`TenDangNhap`, `bansach`.`nhanvien`.`HoTen`, `bansach`.`nhanvien`.`VaiTro`, `bansach`.`nhanvien`.`TrangThai` FROM `bansach`.`nhanvien` WHERE (`bansach`.`nhanvien`.`MaNV` = ? AND 1=1) LIMIT ? OFFSET ?
prisma:query SELECT `bansach`.`nhanvien`.`MaNV`, `bansach`.`nhanvien`.`TenDangNhap`, `bansach`.`nhanvien`.`HoTen`, `bansach`.`nhanvien`.`Email`, `bansach`.`nhanvien`.`SoDienThoai`, `bansach`.`nhanvien`.`VaiTro`, `bansach`.`nhanvien`.`TrangThai`, `bansach`.`nhanvien`.`CreatedAt` FROM `bansach`.`nhanvien` WHERE (`bansach`.`nhanvien`.`MaNV` = ? AND 1=1) LIMIT ? OFFSET ?
prisma:query SELECT `bansach`.`nhanvien`.`MaNV`, `bansach`.`nhanvien`.`TenDangNhap`, `bansach`.`nhanvien`.`HoTen`, `bansach`.`nhanvien`.`VaiTro`, `bansach`.`nhanvien`.`TrangThai` FROM `bansach`.`nhanvien` WHERE (`bansach`.`nhanvien`.`MaNV` = ? AND 1=1) LIMIT ? OFFSET ?
prisma:query SELECT `bansach`.`nhanvien`.`MaNV`, `bansach`.`nhanvien`.`TenDangNhap`, `bansach`.`nhanvien`.`HoTen`, `bansach`.`nhanvien`.`Email`, `bansach`.`nhanvien`.`SoDienThoai`, `bansach`.`nhanvien`.`VaiTro`, `bansach`.`nhanvien`.`TrangThai`, `bansach`.`nhanvien`.`CreatedAt` FROM `bansach`.`nhanvien` WHERE (`bansach`.`nhanvien`.`MaNV` = ? AND 1=1) LIMIT ? OFFSET ?
prisma:query SELECT `bansach`.`nhanvien`.`MaNV`, `bansach`.`nhanvien`.`TenDangNhap`, `bansach`.`nhanvien`.`HoTen`, `bansach`.`nhanvien`.`VaiTro`, `bansach`.`nhanvien`.`TrangThai` FROM `bansach`.`nhanvien` WHERE (`bansach`.`nhanvien`.`MaNV` = ? AND 1=1) LIMIT ? OFFSET ?
prisma:query SELECT `bansach`.`nhanvien`.`MaNV`, `bansach`.`nhanvien`.`TenDangNhap`, `bansach`.`nhanvien`.`HoTen`, `bansach`.`nhanvien`.`Email`, `bansach`.`nhanvien`.`SoDienThoai`, `bansach`.`nhanvien`.`VaiTro`, `bansach`.`nhanvien`.`TrangThai`, `bansach`.`nhanvien`.`CreatedAt` FROM `bansach`.`nhanvien` WHERE (`bansach`.`nhanvien`.`MaNV` = ? AND 1=1) LIMIT ? OFFSET ?
prisma:query SELECT 1
prisma:query SELECT `bansach`.`nhanvien`.`MaNV`, `bansach`.`nhanvien`.`TenDangNhap`, `bansach`.`nhanvien`.`HoTen`, `bansach`.`nhanvien`.`VaiTro`, `bansach`.`nhanvien`.`TrangThai` FROM `bansach`.`nhanvien` WHERE (`bansach`.`nhanvien`.`MaNV` = ? AND 1=1) LIMIT ? OFFSET ?
prisma:query SELECT `bansach`.`nhanvien`.`MaNV`, `bansach`.`nhanvien`.`TenDangNhap`, `bansach`.`nhanvien`.`MatKhau`, `bansach`.`nhanvien`.`HoTen`, `bansach`.`nhanvien`.`Email`, `bansach`.`nhanvien`.`SoDienThoai`, `bansach`.`nhanvien`.`VaiTro`, `bansach`.`nhanvien`.`TrangThai`, `bansach`.`nhanvien`.`CreatedAt`, `bansach`.`nhanvien`.`UpdatedAt` FROM `bansach`.`nhanvien` WHERE (`bansach`.`nhanvien`.`TenDangNhap` = ? AND 1=1) LIMIT ? OFFSET ?
prisma:query SELECT `bansach`.`nhanvien`.`MaNV`, `bansach`.`nhanvien`.`TenDangNhap`, `bansach`.`nhanvien`.`HoTen`, `bansach`.`nhanvien`.`VaiTro`, `bansach`.`nhanvien`.`TrangThai` FROM `bansach`.`nhanvien` WHERE (`bansach`.`nhanvien`.`MaNV` = ? AND 1=1) LIMIT ? OFFSET ?
prisma:query SELECT COUNT(*) FROM (SELECT `bansach`.`nhanvien`.`MaNV` FROM `bansach`.`nhanvien` WHERE 1=1) AS `sub`
prisma:query SELECT `bansach`.`nhanvien`.`MaNV`, `bansach`.`nhanvien`.`TenDangNhap`, `bansach`.`nhanvien`.`HoTen`, `bansach`.`nhanvien`.`Email`, `bansach`.`nhanvien`.`SoDienThoai`, `bansach`.`nhanvien`.`VaiTro`, `bansach`.`nhanvien`.`TrangThai`, `bansach`.`nhanvien`.`CreatedAt`, `bansach`.`nhanvien`.`UpdatedAt` FROM `bansach`.`nhanvien` WHERE 1=1 ORDER BY `bansach`.`nhanvien`.`CreatedAt` DESC LIMIT ? OFFSET ?
prisma:query SELECT `bansach`.`nhanvien`.`MaNV`, `bansach`.`nhanvien`.`TenDangNhap`, `bansach`.`nhanvien`.`HoTen`, `bansach`.`nhanvien`.`VaiTro`, `bansach`.`nhanvien`.`TrangThai` FROM `bansach`.`nhanvien` WHERE (`bansach`.`nhanvien`.`MaNV` = ? AND 1=1) LIMIT ? OFFSET ?
prisma:query SELECT COUNT(*) FROM (SELECT `bansach`.`nhanvien`.`MaNV` FROM `bansach`.`nhanvien` WHERE 1=1) AS `sub`
prisma:query SELECT `bansach`.`nhanvien`.`MaNV`, `bansach`.`nhanvien`.`TenDangNhap`, `bansach`.`nhanvien`.`HoTen`, `bansach`.`nhanvien`.`Email`, `bansach`.`nhanvien`.`SoDienThoai`, `bansach`.`nhanvien`.`VaiTro`, `bansach`.`nhanvien`.`TrangThai`, `bansach`.`nhanvien`.`CreatedAt`, `bansach`.`nhanvien`.`UpdatedAt` FROM `bansach`.`nhanvien` WHERE 1=1 ORDER BY `bansach`.`nhanvien`.`CreatedAt` DESC LIMIT ? OFFSET ?
prisma:query SELECT `bansach`.`nhanvien`.`MaNV`, `bansach`.`nhanvien`.`TenDangNhap`, `bansach`.`nhanvien`.`HoTen`, `bansach`.`nhanvien`.`VaiTro`, `bansach`.`nhanvien`.`TrangThai` FROM `bansach`.`nhanvien` WHERE (`bansach`.`nhanvien`.`MaNV` = ? AND 1=1) LIMIT ? OFFSET ?
prisma:query SELECT COUNT(*) FROM (SELECT `bansach`.`nhanvien`.`MaNV` FROM `bansach`.`nhanvien` WHERE `bansach`.`nhanvien`.`VaiTro` = ?) AS `sub`
prisma:query SELECT `bansach`.`nhanvien`.`MaNV`, `bansach`.`nhanvien`.`TenDangNhap`, `bansach`.`nhanvien`.`HoTen`, `bansach`.`nhanvien`.`Email`, `bansach`.`nhanvien`.`SoDienThoai`, `bansach`.`nhanvien`.`VaiTro`, `bansach`.`nhanvien`.`TrangThai`, `bansach`.`nhanvien`.`CreatedAt`, `bansach`.`nhanvien`.`UpdatedAt` FROM `bansach`.`nhanvien` WHERE `bansach`.`nhanvien`.`VaiTro` = ? ORDER BY `bansach`.`nhanvien`.`CreatedAt` DESC LIMIT ? OFFSET ?
prisma:query SELECT `bansach`.`nhanvien`.`MaNV`, `bansach`.`nhanvien`.`TenDangNhap`, `bansach`.`nhanvien`.`HoTen`, `bansach`.`nhanvien`.`VaiTro`, `bansach`.`nhanvien`.`TrangThai` FROM `bansach`.`nhanvien` WHERE (`bansach`.`nhanvien`.`MaNV` = ? AND 1=1) LIMIT ? OFFSET ?
prisma:query SELECT COUNT(*) FROM (SELECT `bansach`.`nhanvien`.`MaNV` FROM `bansach`.`nhanvien` WHERE `bansach`.`nhanvien`.`VaiTro` = ?) AS `sub`
prisma:query SELECT `bansach`.`nhanvien`.`MaNV`, `bansach`.`nhanvien`.`TenDangNhap`, `bansach`.`nhanvien`.`HoTen`, `bansach`.`nhanvien`.`Email`, `bansach`.`nhanvien`.`SoDienThoai`, `bansach`.`nhanvien`.`VaiTro`, `bansach`.`nhanvien`.`TrangThai`, `bansach`.`nhanvien`.`CreatedAt`, `bansach`.`nhanvien`.`UpdatedAt` FROM `bansach`.`nhanvien` WHERE `bansach`.`nhanvien`.`VaiTro` = ? ORDER BY `bansach`.`nhanvien`.`CreatedAt` DESC LIMIT ? OFFSET ?
prisma:query SELECT `bansach`.`nhanvien`.`MaNV`, `bansach`.`nhanvien`.`TenDangNhap`, `bansach`.`nhanvien`.`HoTen`, `bansach`.`nhanvien`.`VaiTro`, `bansach`.`nhanvien`.`TrangThai` FROM `bansach`.`nhanvien` WHERE (`bansach`.`nhanvien`.`MaNV` = ? AND 1=1) LIMIT ? OFFSET ?
prisma:query SELECT COUNT(*) FROM (SELECT `bansach`.`nhanvien`.`MaNV` FROM `bansach`.`nhanvien` WHERE (`bansach`.`nhanvien`.`VaiTro` = ? AND `bansach`.`nhanvien`.`TrangThai` = ?)) AS `sub`
prisma:query SELECT `bansach`.`nhanvien`.`MaNV`, `bansach`.`nhanvien`.`TenDangNhap`, `bansach`.`nhanvien`.`HoTen`, `bansach`.`nhanvien`.`Email`, `bansach`.`nhanvien`.`SoDienThoai`, `bansach`.`nhanvien`.`VaiTro`, `bansach`.`nhanvien`.`TrangThai`, `bansach`.`nhanvien`.`CreatedAt`, `bansach`.`nhanvien`.`UpdatedAt` FROM `bansach`.`nhanvien` WHERE (`bansach`.`nhanvien`.`VaiTro` = ? AND `bansach`.`nhanvien`.`TrangThai` = ?) ORDER BY `bansach`.`nhanvien`.`CreatedAt` DESC LIMIT ? OFFSET ?
prisma:query SELECT 1
prisma:query SELECT `bansach`.`nhanvien`.`MaNV`, `bansach`.`nhanvien`.`TenDangNhap`, `bansach`.`nhanvien`.`HoTen`, `bansach`.`nhanvien`.`VaiTro`, `bansach`.`nhanvien`.`TrangThai` FROM `bansach`.`nhanvien` WHERE (`bansach`.`nhanvien`.`MaNV` = ? AND 1=1) LIMIT ? OFFSET ?
prisma:query SELECT COUNT(*) FROM (SELECT `bansach`.`nhanvien`.`MaNV` FROM `bansach`.`nhanvien` WHERE (`bansach`.`nhanvien`.`VaiTro` = ? AND `bansach`.`nhanvien`.`TrangThai` = ?)) AS `sub`
prisma:query SELECT `bansach`.`nhanvien`.`MaNV`, `bansach`.`nhanvien`.`TenDangNhap`, `bansach`.`nhanvien`.`HoTen`, `bansach`.`nhanvien`.`Email`, `bansach`.`nhanvien`.`SoDienThoai`, `bansach`.`nhanvien`.`VaiTro`, `bansach`.`nhanvien`.`TrangThai`, `bansach`.`nhanvien`.`CreatedAt`, `bansach`.`nhanvien`.`UpdatedAt` FROM `bansach`.`nhanvien` WHERE (`bansach`.`nhanvien`.`VaiTro` = ? AND `bansach`.`nhanvien`.`TrangThai` = ?) ORDER BY `bansach`.`nhanvien`.`CreatedAt` DESC LIMIT ? OFFSET ?
prisma:query SELECT 1
prisma:query SELECT `bansach`.`nhanvien`.`MaNV`, `bansach`.`nhanvien`.`TenDangNhap`, `bansach`.`nhanvien`.`HoTen`, `bansach`.`nhanvien`.`VaiTro`, `bansach`.`nhanvien`.`TrangThai` FROM `bansach`.`nhanvien` WHERE (`bansach`.`nhanvien`.`MaNV` = ? AND 1=1) LIMIT ? OFFSET ?
prisma:query SELECT `bansach`.`nhanvien`.`MaNV`, `bansach`.`nhanvien`.`TenDangNhap`, `bansach`.`nhanvien`.`MatKhau`, `bansach`.`nhanvien`.`HoTen`, `bansach`.`nhanvien`.`Email`, `bansach`.`nhanvien`.`SoDienThoai`, `bansach`.`nhanvien`.`VaiTro`, `bansach`.`nhanvien`.`TrangThai`, `bansach`.`nhanvien`.`CreatedAt`, `bansach`.`nhanvien`.`UpdatedAt` FROM `bansach`.`nhanvien` WHERE (`bansach`.`nhanvien`.`TenDangNhap` = ? AND 1=1) LIMIT ? OFFSET ?
prisma:query BEGIN
prisma:query INSERT INTO `bansach`.`nhanvien` (`MaNV`,`TenDangNhap`,`MatKhau`,`HoTen`,`Email`,`SoDienThoai`,`VaiTro`,`TrangThai`,`CreatedAt`,`UpdatedAt`) VALUES (?,?,?,?,?,?,?,?,?,?)
prisma:query SELECT `bansach`.`nhanvien`.`MaNV`, `bansach`.`nhanvien`.`TenDangNhap`, `bansach`.`nhanvien`.`HoTen`, `bansach`.`nhanvien`.`Email`, `bansach`.`nhanvien`.`SoDienThoai`, `bansach`.`nhanvien`.`VaiTro`, `bansach`.`nhanvien`.`TrangThai`, `bansach`.`nhanvien`.`CreatedAt` FROM `bansach`.`nhanvien` WHERE `bansach`.`nhanvien`.`MaNV` = ? LIMIT ? OFFSET ?
prisma:query COMMIT
prisma:query SELECT `bansach`.`nhanvien`.`MaNV`, `bansach`.`nhanvien`.`TenDangNhap`, `bansach`.`nhanvien`.`HoTen`, `bansach`.`nhanvien`.`VaiTro`, `bansach`.`nhanvien`.`TrangThai` FROM `bansach`.`nhanvien` WHERE (`bansach`.`nhanvien`.`MaNV` = ? AND 1=1) LIMIT ? OFFSET ?
prisma:query SELECT COUNT(*) FROM (SELECT `bansach`.`nhanvien`.`MaNV` FROM `bansach`.`nhanvien` WHERE (`bansach`.`nhanvien`.`VaiTro` = ? AND `bansach`.`nhanvien`.`TrangThai` = ?)) AS `sub`
prisma:query SELECT `bansach`.`nhanvien`.`MaNV`, `bansach`.`nhanvien`.`TenDangNhap`, `bansach`.`nhanvien`.`HoTen`, `bansach`.`nhanvien`.`Email`, `bansach`.`nhanvien`.`SoDienThoai`, `bansach`.`nhanvien`.`VaiTro`, `bansach`.`nhanvien`.`TrangThai`, `bansach`.`nhanvien`.`CreatedAt`, `bansach`.`nhanvien`.`UpdatedAt` FROM `bansach`.`nhanvien` WHERE (`bansach`.`nhanvien`.`VaiTro` = ? AND `bansach`.`nhanvien`.`TrangThai` = ?) ORDER BY `bansach`.`nhanvien`.`CreatedAt` DESC LIMIT ? OFFSET ?
prisma:query SELECT 1
prisma:query SELECT `bansach`.`nhanvien`.`MaNV`, `bansach`.`nhanvien`.`TenDangNhap`, `bansach`.`nhanvien`.`HoTen`, `bansach`.`nhanvien`.`VaiTro`, `bansach`.`nhanvien`.`TrangThai` FROM `bansach`.`nhanvien` WHERE (`bansach`.`nhanvien`.`MaNV` = ? AND 1=1) LIMIT ? OFFSET ?
prisma:query SELECT COUNT(*) FROM (SELECT `bansach`.`nhanvien`.`MaNV` FROM `bansach`.`nhanvien` WHERE `bansach`.`nhanvien`.`VaiTro` = ?) AS `sub`
prisma:query SELECT `bansach`.`nhanvien`.`MaNV`, `bansach`.`nhanvien`.`TenDangNhap`, `bansach`.`nhanvien`.`HoTen`, `bansach`.`nhanvien`.`Email`, `bansach`.`nhanvien`.`SoDienThoai`, `bansach`.`nhanvien`.`VaiTro`, `bansach`.`nhanvien`.`TrangThai`, `bansach`.`nhanvien`.`CreatedAt`, `bansach`.`nhanvien`.`UpdatedAt` FROM `bansach`.`nhanvien` WHERE `bansach`.`nhanvien`.`VaiTro` = ? ORDER BY `bansach`.`nhanvien`.`CreatedAt` DESC LIMIT ? OFFSET ?
prisma:query SELECT `bansach`.`nhanvien`.`MaNV`, `bansach`.`nhanvien`.`TenDangNhap`, `bansach`.`nhanvien`.`HoTen`, `bansach`.`nhanvien`.`VaiTro`, `bansach`.`nhanvien`.`TrangThai` FROM `bansach`.`nhanvien` WHERE (`bansach`.`nhanvien`.`MaNV` = ? AND 1=1) LIMIT ? OFFSET ?
prisma:query SELECT COUNT(*) FROM (SELECT `bansach`.`nhanvien`.`MaNV` FROM `bansach`.`nhanvien` WHERE 1=1) AS `sub`
prisma:query SELECT `bansach`.`nhanvien`.`MaNV`, `bansach`.`nhanvien`.`TenDangNhap`, `bansach`.`nhanvien`.`HoTen`, `bansach`.`nhanvien`.`Email`, `bansach`.`nhanvien`.`SoDienThoai`, `bansach`.`nhanvien`.`VaiTro`, `bansach`.`nhanvien`.`TrangThai`, `bansach`.`nhanvien`.`CreatedAt`, `bansach`.`nhanvien`.`UpdatedAt` FROM `bansach`.`nhanvien` WHERE 1=1 ORDER BY `bansach`.`nhanvien`.`CreatedAt` DESC LIMIT ? OFFSET ?
prisma:query SELECT 1
prisma:query SELECT `bansach`.`nhanvien`.`MaNV`, `bansach`.`nhanvien`.`TenDangNhap`, `bansach`.`nhanvien`.`HoTen`, `bansach`.`nhanvien`.`VaiTro`, `bansach`.`nhanvien`.`TrangThai` FROM `bansach`.`nhanvien` WHERE (`bansach`.`nhanvien`.`MaNV` = ? AND 1=1) LIMIT ? OFFSET ?
prisma:query SELECT `bansach`.`nhanvien`.`MaNV`, `bansach`.`nhanvien`.`TenDangNhap`, `bansach`.`nhanvien`.`MatKhau`, `bansach`.`nhanvien`.`HoTen`, `bansach`.`nhanvien`.`Email`, `bansach`.`nhanvien`.`SoDienThoai`, `bansach`.`nhanvien`.`VaiTro`, `bansach`.`nhanvien`.`TrangThai`, `bansach`.`nhanvien`.`CreatedAt`, `bansach`.`nhanvien`.`UpdatedAt` FROM `bansach`.`nhanvien` WHERE (`bansach`.`nhanvien`.`TenDangNhap` = ? AND 1=1) LIMIT ? OFFSET ?
prisma:query SELECT `bansach`.`nhanvien`.`MaNV`, `bansach`.`nhanvien`.`TenDangNhap`, `bansach`.`nhanvien`.`HoTen`, `bansach`.`nhanvien`.`VaiTro`, `bansach`.`nhanvien`.`TrangThai` FROM `bansach`.`nhanvien` WHERE (`bansach`.`nhanvien`.`MaNV` = ? AND 1=1) LIMIT ? OFFSET ?
prisma:query SELECT `bansach`.`nhanvien`.`MaNV`, `bansach`.`nhanvien`.`TenDangNhap`, `bansach`.`nhanvien`.`HoTen`, `bansach`.`nhanvien`.`VaiTro`, `bansach`.`nhanvien`.`TrangThai` FROM `bansach`.`nhanvien` WHERE (`bansach`.`nhanvien`.`MaNV` = ? AND 1=1) LIMIT ? OFFSET ?
prisma:query SELECT `bansach`.`nhanvien`.`MaNV`, `bansach`.`nhanvien`.`TenDangNhap`, `bansach`.`nhanvien`.`HoTen`, `bansach`.`nhanvien`.`VaiTro`, `bansach`.`nhanvien`.`TrangThai` FROM `bansach`.`nhanvien` WHERE (`bansach`.`nhanvien`.`MaNV` = ? AND 1=1) LIMIT ? OFFSET ?
prisma:query SELECT `bansach`.`nhanvien`.`MaNV`, `bansach`.`nhanvien`.`TenDangNhap`, `bansach`.`nhanvien`.`HoTen`, `bansach`.`nhanvien`.`VaiTro`, `bansach`.`nhanvien`.`TrangThai` FROM `bansach`.`nhanvien` WHERE (`bansach`.`nhanvien`.`MaNV` = ? AND 1=1) LIMIT ? OFFSET ?
prisma:query SELECT 1
prisma:query SELECT `bansach`.`nhanvien`.`MaNV`, `bansach`.`nhanvien`.`TenDangNhap`, `bansach`.`nhanvien`.`HoTen`, `bansach`.`nhanvien`.`VaiTro`, `bansach`.`nhanvien`.`TrangThai` FROM `bansach`.`nhanvien` WHERE (`bansach`.`nhanvien`.`MaNV` = ? AND 1=1) LIMIT ? OFFSET ?
prisma:query SELECT `bansach`.`nhanvien`.`MaNV`, `bansach`.`nhanvien`.`TenDangNhap`, `bansach`.`nhanvien`.`HoTen`, `bansach`.`nhanvien`.`VaiTro`, `bansach`.`nhanvien`.`TrangThai` FROM `bansach`.`nhanvien` WHERE (`bansach`.`nhanvien`.`MaNV` = ? AND 1=1) LIMIT ? OFFSET ?
prisma:query SELECT `bansach`.`nhanvien`.`MaNV`, `bansach`.`nhanvien`.`TenDangNhap`, `bansach`.`nhanvien`.`HoTen`, `bansach`.`nhanvien`.`VaiTro`, `bansach`.`nhanvien`.`TrangThai` FROM `bansach`.`nhanvien` WHERE (`bansach`.`nhanvien`.`MaNV` = ? AND 1=1) LIMIT ? OFFSET ?
prisma:query SELECT `bansach`.`nhanvien`.`MaNV`, `bansach`.`nhanvien`.`TenDangNhap`, `bansach`.`nhanvien`.`HoTen`, `bansach`.`nhanvien`.`VaiTro`, `bansach`.`nhanvien`.`TrangThai` FROM `bansach`.`nhanvien` WHERE (`bansach`.`nhanvien`.`MaNV` = ? AND 1=1) LIMIT ? OFFSET ?
prisma:query SELECT `bansach`.`nhanvien`.`MaNV`, `bansach`.`nhanvien`.`TenDangNhap`, `bansach`.`nhanvien`.`HoTen`, `bansach`.`nhanvien`.`VaiTro`, `bansach`.`nhanvien`.`TrangThai` FROM `bansach`.`nhanvien` WHERE (`bansach`.`nhanvien`.`MaNV` = ? AND 1=1) LIMIT ? OFFSET ?
prisma:query SELECT `bansach`.`nhanvien`.`MaNV`, `bansach`.`nhanvien`.`TenDangNhap`, `bansach`.`nhanvien`.`MatKhau`, `bansach`.`nhanvien`.`HoTen`, `bansach`.`nhanvien`.`Email`, `bansach`.`nhanvien`.`SoDienThoai`, `bansach`.`nhanvien`.`VaiTro`, `bansach`.`nhanvien`.`TrangThai`, `bansach`.`nhanvien`.`CreatedAt`, `bansach`.`nhanvien`.`UpdatedAt` FROM `bansach`.`nhanvien` WHERE (`bansach`.`nhanvien`.`TenDangNhap` = ? AND 1=1) LIMIT ? OFFSET ?
prisma:query SELECT `bansach`.`nhanvien`.`MaNV`, `bansach`.`nhanvien`.`TenDangNhap`, `bansach`.`nhanvien`.`HoTen`, `bansach`.`nhanvien`.`VaiTro`, `bansach`.`nhanvien`.`TrangThai` FROM `bansach`.`nhanvien` WHERE (`bansach`.`nhanvien`.`MaNV` = ? AND 1=1) LIMIT ? OFFSET ?
prisma:query SELECT COUNT(*) FROM (SELECT `bansach`.`nhanvien`.`MaNV` FROM `bansach`.`nhanvien` WHERE 1=1) AS `sub`
prisma:query SELECT `bansach`.`nhanvien`.`MaNV`, `bansach`.`nhanvien`.`TenDangNhap`, `bansach`.`nhanvien`.`HoTen`, `bansach`.`nhanvien`.`Email`, `bansach`.`nhanvien`.`SoDienThoai`, `bansach`.`nhanvien`.`VaiTro`, `bansach`.`nhanvien`.`TrangThai`, `bansach`.`nhanvien`.`CreatedAt`, `bansach`.`nhanvien`.`UpdatedAt` FROM `bansach`.`nhanvien` WHERE 1=1 ORDER BY `bansach`.`nhanvien`.`CreatedAt` DESC LIMIT ? OFFSET ?
prisma:query SELECT `bansach`.`nhanvien`.`MaNV`, `bansach`.`nhanvien`.`TenDangNhap`, `bansach`.`nhanvien`.`HoTen`, `bansach`.`nhanvien`.`VaiTro`, `bansach`.`nhanvien`.`TrangThai` FROM `bansach`.`nhanvien` WHERE (`bansach`.`nhanvien`.`MaNV` = ? AND 1=1) LIMIT ? OFFSET ?
prisma:query SELECT COUNT(*) FROM (SELECT `bansach`.`nhanvien`.`MaNV` FROM `bansach`.`nhanvien` WHERE 1=1) AS `sub`
prisma:query SELECT `bansach`.`nhanvien`.`MaNV`, `bansach`.`nhanvien`.`TenDangNhap`, `bansach`.`nhanvien`.`HoTen`, `bansach`.`nhanvien`.`Email`, `bansach`.`nhanvien`.`SoDienThoai`, `bansach`.`nhanvien`.`VaiTro`, `bansach`.`nhanvien`.`TrangThai`, `bansach`.`nhanvien`.`CreatedAt`, `bansach`.`nhanvien`.`UpdatedAt` FROM `bansach`.`nhanvien` WHERE 1=1 ORDER BY `bansach`.`nhanvien`.`CreatedAt` DESC LIMIT ? OFFSET ?
prisma:query SELECT 1
prisma:query SELECT `bansach`.`nhanvien`.`MaNV`, `bansach`.`nhanvien`.`TenDangNhap`, `bansach`.`nhanvien`.`HoTen`, `bansach`.`nhanvien`.`VaiTro`, `bansach`.`nhanvien`.`TrangThai` FROM `bansach`.`nhanvien` WHERE (`bansach`.`nhanvien`.`MaNV` = ? AND 1=1) LIMIT ? OFFSET ?
prisma:query SELECT COUNT(*) FROM (SELECT `bansach`.`nhanvien`.`MaNV` FROM `bansach`.`nhanvien` WHERE 1=1) AS `sub`
prisma:query SELECT `bansach`.`nhanvien`.`MaNV`, `bansach`.`nhanvien`.`TenDangNhap`, `bansach`.`nhanvien`.`HoTen`, `bansach`.`nhanvien`.`Email`, `bansach`.`nhanvien`.`SoDienThoai`, `bansach`.`nhanvien`.`VaiTro`, `bansach`.`nhanvien`.`TrangThai`, `bansach`.`nhanvien`.`CreatedAt`, `bansach`.`nhanvien`.`UpdatedAt` FROM `bansach`.`nhanvien` WHERE 1=1 ORDER BY `bansach`.`nhanvien`.`CreatedAt` DESC LIMIT ? OFFSET ?
prisma:query SELECT 1
prisma:query SELECT `bansach`.`nhanvien`.`MaNV`, `bansach`.`nhanvien`.`TenDangNhap`, `bansach`.`nhanvien`.`HoTen`, `bansach`.`nhanvien`.`VaiTro`, `bansach`.`nhanvien`.`TrangThai` FROM `bansach`.`nhanvien` WHERE (`bansach`.`nhanvien`.`MaNV` = ? AND 1=1) LIMIT ? OFFSET ?
prisma:query SELECT COUNT(*) FROM (SELECT `bansach`.`nhanvien`.`MaNV` FROM `bansach`.`nhanvien` WHERE 1=1) AS `sub`
prisma:query SELECT `bansach`.`nhanvien`.`MaNV`, `bansach`.`nhanvien`.`TenDangNhap`, `bansach`.`nhanvien`.`HoTen`, `bansach`.`nhanvien`.`Email`, `bansach`.`nhanvien`.`SoDienThoai`, `bansach`.`nhanvien`.`VaiTro`, `bansach`.`nhanvien`.`TrangThai`, `bansach`.`nhanvien`.`CreatedAt`, `bansach`.`nhanvien`.`UpdatedAt` FROM `bansach`.`nhanvien` WHERE 1=1 ORDER BY `bansach`.`nhanvien`.`CreatedAt` DESC LIMIT ? OFFSET ?
prisma:query SELECT `bansach`.`nhanvien`.`MaNV`, `bansach`.`nhanvien`.`TenDangNhap`, `bansach`.`nhanvien`.`HoTen`, `bansach`.`nhanvien`.`VaiTro`, `bansach`.`nhanvien`.`TrangThai` FROM `bansach`.`nhanvien` WHERE (`bansach`.`nhanvien`.`MaNV` = ? AND 1=1) LIMIT ? OFFSET ?
prisma:query SELECT COUNT(*) FROM (SELECT `bansach`.`nhanvien`.`MaNV` FROM `bansach`.`nhanvien` WHERE 1=1) AS `sub`
prisma:query SELECT `bansach`.`nhanvien`.`MaNV`, `bansach`.`nhanvien`.`TenDangNhap`, `bansach`.`nhanvien`.`HoTen`, `bansach`.`nhanvien`.`Email`, `bansach`.`nhanvien`.`SoDienThoai`, `bansach`.`nhanvien`.`VaiTro`, `bansach`.`nhanvien`.`TrangThai`, `bansach`.`nhanvien`.`CreatedAt`, `bansach`.`nhanvien`.`UpdatedAt` FROM `bansach`.`nhanvien` WHERE 1=1 ORDER BY `bansach`.`nhanvien`.`CreatedAt` DESC LIMIT ? OFFSET ?
prisma:query SELECT 1
prisma:query SELECT `bansach`.`nhanvien`.`MaNV`, `bansach`.`nhanvien`.`TenDangNhap`, `bansach`.`nhanvien`.`HoTen`, `bansach`.`nhanvien`.`VaiTro`, `bansach`.`nhanvien`.`TrangThai` FROM `bansach`.`nhanvien` WHERE (`bansach`.`nhanvien`.`MaNV` = ? AND 1=1) LIMIT ? OFFSET ?
prisma:query SELECT `bansach`.`nhanvien`.`MaNV`, `bansach`.`nhanvien`.`TenDangNhap`, `bansach`.`nhanvien`.`MatKhau`, `bansach`.`nhanvien`.`HoTen`, `bansach`.`nhanvien`.`Email`, `bansach`.`nhanvien`.`SoDienThoai`, `bansach`.`nhanvien`.`VaiTro`, `bansach`.`nhanvien`.`TrangThai`, `bansach`.`nhanvien`.`CreatedAt`, `bansach`.`nhanvien`.`UpdatedAt` FROM `bansach`.`nhanvien` WHERE (`bansach`.`nhanvien`.`MaNV` = ? AND 1=1) LIMIT ? OFFSET ?
prisma:query BEGIN
prisma:query SELECT `bansach`.`nhanvien`.`MaNV` FROM `bansach`.`nhanvien` WHERE (`bansach`.`nhanvien`.`MaNV` = ? AND 1=1)
prisma:query UPDATE `bansach`.`nhanvien` SET `TrangThai` = ?, `UpdatedAt` = ? WHERE (`bansach`.`nhanvien`.`MaNV` IN (?) AND (`bansach`.`nhanvien`.`MaNV` = ? AND 1=1))
prisma:query SELECT `bansach`.`nhanvien`.`MaNV`, `bansach`.`nhanvien`.`TenDangNhap`, `bansach`.`nhanvien`.`MatKhau`, `bansach`.`nhanvien`.`HoTen`, `bansach`.`nhanvien`.`Email`, `bansach`.`nhanvien`.`SoDienThoai`, `bansach`.`nhanvien`.`VaiTro`, `bansach`.`nhanvien`.`TrangThai`, `bansach`.`nhanvien`.`CreatedAt`, `bansach`.`nhanvien`.`UpdatedAt` FROM `bansach`.`nhanvien` WHERE `bansach`.`nhanvien`.`MaNV` = ? LIMIT ? OFFSET ?
prisma:query COMMIT
prisma:query SELECT `bansach`.`nhanvien`.`MaNV`, `bansach`.`nhanvien`.`TenDangNhap`, `bansach`.`nhanvien`.`HoTen`, `bansach`.`nhanvien`.`VaiTro`, `bansach`.`nhanvien`.`TrangThai` FROM `bansach`.`nhanvien` WHERE (`bansach`.`nhanvien`.`MaNV` = ? AND 1=1) LIMIT ? OFFSET ?
prisma:query SELECT COUNT(*) FROM (SELECT `bansach`.`nhanvien`.`MaNV` FROM `bansach`.`nhanvien` WHERE 1=1) AS `sub`
prisma:query SELECT `bansach`.`nhanvien`.`MaNV`, `bansach`.`nhanvien`.`TenDangNhap`, `bansach`.`nhanvien`.`HoTen`, `bansach`.`nhanvien`.`Email`, `bansach`.`nhanvien`.`SoDienThoai`, `bansach`.`nhanvien`.`VaiTro`, `bansach`.`nhanvien`.`TrangThai`, `bansach`.`nhanvien`.`CreatedAt`, `bansach`.`nhanvien`.`UpdatedAt` FROM `bansach`.`nhanvien` WHERE 1=1 ORDER BY `bansach`.`nhanvien`.`CreatedAt` DESC LIMIT ? OFFSET ?
prisma:query SELECT `bansach`.`nhanvien`.`MaNV`, `bansach`.`nhanvien`.`TenDangNhap`, `bansach`.`nhanvien`.`HoTen`, `bansach`.`nhanvien`.`VaiTro`, `bansach`.`nhanvien`.`TrangThai` FROM `bansach`.`nhanvien` WHERE (`bansach`.`nhanvien`.`MaNV` = ? AND 1=1) LIMIT ? OFFSET ?
prisma:query SELECT `bansach`.`nhanvien`.`MaNV`, `bansach`.`nhanvien`.`TenDangNhap`, `bansach`.`nhanvien`.`MatKhau`, `bansach`.`nhanvien`.`HoTen`, `bansach`.`nhanvien`.`Email`, `bansach`.`nhanvien`.`SoDienThoai`, `bansach`.`nhanvien`.`VaiTro`, `bansach`.`nhanvien`.`TrangThai`, `bansach`.`nhanvien`.`CreatedAt`, `bansach`.`nhanvien`.`UpdatedAt` FROM `bansach`.`nhanvien` WHERE (`bansach`.`nhanvien`.`MaNV` = ? AND 1=1) LIMIT ? OFFSET ?
prisma:query BEGIN
prisma:query SELECT `bansach`.`nhanvien`.`MaNV` FROM `bansach`.`nhanvien` WHERE (`bansach`.`nhanvien`.`MaNV` = ? AND 1=1)
prisma:query UPDATE `bansach`.`nhanvien` SET `TrangThai` = ?, `UpdatedAt` = ? WHERE (`bansach`.`nhanvien`.`MaNV` IN (?) AND (`bansach`.`nhanvien`.`MaNV` = ? AND 1=1))
prisma:query SELECT `bansach`.`nhanvien`.`MaNV`, `bansach`.`nhanvien`.`TenDangNhap`, `bansach`.`nhanvien`.`MatKhau`, `bansach`.`nhanvien`.`HoTen`, `bansach`.`nhanvien`.`Email`, `bansach`.`nhanvien`.`SoDienThoai`, `bansach`.`nhanvien`.`VaiTro`, `bansach`.`nhanvien`.`TrangThai`, `bansach`.`nhanvien`.`CreatedAt`, `bansach`.`nhanvien`.`UpdatedAt` FROM `bansach`.`nhanvien` WHERE `bansach`.`nhanvien`.`MaNV` = ? LIMIT ? OFFSET ?
prisma:query COMMIT
prisma:query SELECT `bansach`.`nhanvien`.`MaNV`, `bansach`.`nhanvien`.`TenDangNhap`, `bansach`.`nhanvien`.`HoTen`, `bansach`.`nhanvien`.`VaiTro`, `bansach`.`nhanvien`.`TrangThai` FROM `bansach`.`nhanvien` WHERE (`bansach`.`nhanvien`.`MaNV` = ? AND 1=1) LIMIT ? OFFSET ?
prisma:query SELECT COUNT(*) FROM (SELECT `bansach`.`nhanvien`.`MaNV` FROM `bansach`.`nhanvien` WHERE 1=1) AS `sub`
prisma:query SELECT `bansach`.`nhanvien`.`MaNV`, `bansach`.`nhanvien`.`TenDangNhap`, `bansach`.`nhanvien`.`HoTen`, `bansach`.`nhanvien`.`Email`, `bansach`.`nhanvien`.`SoDienThoai`, `bansach`.`nhanvien`.`VaiTro`, `bansach`.`nhanvien`.`TrangThai`, `bansach`.`nhanvien`.`CreatedAt`, `bansach`.`nhanvien`.`UpdatedAt` FROM `bansach`.`nhanvien` WHERE 1=1 ORDER BY `bansach`.`nhanvien`.`CreatedAt` DESC LIMIT ? OFFSET ?
prisma:query SELECT `bansach`.`nhanvien`.`MaNV`, `bansach`.`nhanvien`.`TenDangNhap`, `bansach`.`nhanvien`.`HoTen`, `bansach`.`nhanvien`.`VaiTro`, `bansach`.`nhanvien`.`TrangThai` FROM `bansach`.`nhanvien` WHERE (`bansach`.`nhanvien`.`MaNV` = ? AND 1=1) LIMIT ? OFFSET ?
prisma:query SELECT `bansach`.`nhanvien`.`MaNV`, `bansach`.`nhanvien`.`TenDangNhap`, `bansach`.`nhanvien`.`MatKhau`, `bansach`.`nhanvien`.`HoTen`, `bansach`.`nhanvien`.`Email`, `bansach`.`nhanvien`.`SoDienThoai`, `bansach`.`nhanvien`.`VaiTro`, `bansach`.`nhanvien`.`TrangThai`, `bansach`.`nhanvien`.`CreatedAt`, `bansach`.`nhanvien`.`UpdatedAt` FROM `bansach`.`nhanvien` WHERE (`bansach`.`nhanvien`.`MaNV` = ? AND 1=1) LIMIT ? OFFSET ?
prisma:query BEGIN
prisma:query SELECT `bansach`.`nhanvien`.`MaNV` FROM `bansach`.`nhanvien` WHERE (`bansach`.`nhanvien`.`MaNV` = ? AND 1=1)
prisma:query UPDATE `bansach`.`nhanvien` SET `TrangThai` = ?, `UpdatedAt` = ? WHERE (`bansach`.`nhanvien`.`MaNV` IN (?) AND (`bansach`.`nhanvien`.`MaNV` = ? AND 1=1))
prisma:query SELECT `bansach`.`nhanvien`.`MaNV`, `bansach`.`nhanvien`.`HoTen`, `bansach`.`nhanvien`.`TrangThai` FROM `bansach`.`nhanvien` WHERE `bansach`.`nhanvien`.`MaNV` = ? LIMIT ? OFFSET ?
prisma:query COMMIT
prisma:query SELECT `bansach`.`nhanvien`.`MaNV`, `bansach`.`nhanvien`.`TenDangNhap`, `bansach`.`nhanvien`.`HoTen`, `bansach`.`nhanvien`.`VaiTro`, `bansach`.`nhanvien`.`TrangThai` FROM `bansach`.`nhanvien` WHERE (`bansach`.`nhanvien`.`MaNV` = ? AND 1=1) LIMIT ? OFFSET ?
prisma:query SELECT COUNT(*) FROM (SELECT `bansach`.`nhanvien`.`MaNV` FROM `bansach`.`nhanvien` WHERE 1=1) AS `sub`
prisma:query SELECT `bansach`.`nhanvien`.`MaNV`, `bansach`.`nhanvien`.`TenDangNhap`, `bansach`.`nhanvien`.`HoTen`, `bansach`.`nhanvien`.`Email`, `bansach`.`nhanvien`.`SoDienThoai`, `bansach`.`nhanvien`.`VaiTro`, `bansach`.`nhanvien`.`TrangThai`, `bansach`.`nhanvien`.`CreatedAt`, `bansach`.`nhanvien`.`UpdatedAt` FROM `bansach`.`nhanvien` WHERE 1=1 ORDER BY `bansach`.`nhanvien`.`CreatedAt` DESC LIMIT ? OFFSET ?
prisma:query SELECT `bansach`.`nhanvien`.`MaNV`, `bansach`.`nhanvien`.`TenDangNhap`, `bansach`.`nhanvien`.`HoTen`, `bansach`.`nhanvien`.`VaiTro`, `bansach`.`nhanvien`.`TrangThai` FROM `bansach`.`nhanvien` WHERE (`bansach`.`nhanvien`.`MaNV` = ? AND 1=1) LIMIT ? OFFSET ?
prisma:query SELECT `bansach`.`nhanvien`.`MaNV`, `bansach`.`nhanvien`.`TenDangNhap`, `bansach`.`nhanvien`.`MatKhau`, `bansach`.`nhanvien`.`HoTen`, `bansach`.`nhanvien`.`Email`, `bansach`.`nhanvien`.`SoDienThoai`, `bansach`.`nhanvien`.`VaiTro`, `bansach`.`nhanvien`.`TrangThai`, `bansach`.`nhanvien`.`CreatedAt`, `bansach`.`nhanvien`.`UpdatedAt` FROM `bansach`.`nhanvien` WHERE (`bansach`.`nhanvien`.`MaNV` = ? AND 1=1) LIMIT ? OFFSET ?
prisma:query BEGIN
prisma:query SELECT `bansach`.`nhanvien`.`MaNV` FROM `bansach`.`nhanvien` WHERE (`bansach`.`nhanvien`.`MaNV` = ? AND 1=1)
prisma:query UPDATE `bansach`.`nhanvien` SET `TrangThai` = ?, `UpdatedAt` = ? WHERE (`bansach`.`nhanvien`.`MaNV` IN (?) AND (`bansach`.`nhanvien`.`MaNV` = ? AND 1=1))
prisma:query SELECT `bansach`.`nhanvien`.`MaNV`, `bansach`.`nhanvien`.`TenDangNhap`, `bansach`.`nhanvien`.`MatKhau`, `bansach`.`nhanvien`.`HoTen`, `bansach`.`nhanvien`.`Email`, `bansach`.`nhanvien`.`SoDienThoai`, `bansach`.`nhanvien`.`VaiTro`, `bansach`.`nhanvien`.`TrangThai`, `bansach`.`nhanvien`.`CreatedAt`, `bansach`.`nhanvien`.`UpdatedAt` FROM `bansach`.`nhanvien` WHERE `bansach`.`nhanvien`.`MaNV` = ? LIMIT ? OFFSET ?
prisma:query COMMIT
prisma:query SELECT `bansach`.`nhanvien`.`MaNV`, `bansach`.`nhanvien`.`TenDangNhap`, `bansach`.`nhanvien`.`HoTen`, `bansach`.`nhanvien`.`VaiTro`, `bansach`.`nhanvien`.`TrangThai` FROM `bansach`.`nhanvien` WHERE (`bansach`.`nhanvien`.`MaNV` = ? AND 1=1) LIMIT ? OFFSET ?
prisma:query SELECT COUNT(*) FROM (SELECT `bansach`.`nhanvien`.`MaNV` FROM `bansach`.`nhanvien` WHERE 1=1) AS `sub`
prisma:query SELECT `bansach`.`nhanvien`.`MaNV`, `bansach`.`nhanvien`.`TenDangNhap`, `bansach`.`nhanvien`.`HoTen`, `bansach`.`nhanvien`.`Email`, `bansach`.`nhanvien`.`SoDienThoai`, `bansach`.`nhanvien`.`VaiTro`, `bansach`.`nhanvien`.`TrangThai`, `bansach`.`nhanvien`.`CreatedAt`, `bansach`.`nhanvien`.`UpdatedAt` FROM `bansach`.`nhanvien` WHERE 1=1 ORDER BY `bansach`.`nhanvien`.`CreatedAt` DESC LIMIT ? OFFSET ?
prisma:query SELECT `bansach`.`nhanvien`.`MaNV`, `bansach`.`nhanvien`.`TenDangNhap`, `bansach`.`nhanvien`.`HoTen`, `bansach`.`nhanvien`.`VaiTro`, `bansach`.`nhanvien`.`TrangThai` FROM `bansach`.`nhanvien` WHERE (`bansach`.`nhanvien`.`MaNV` = ? AND 1=1) LIMIT ? OFFSET ?
prisma:query SELECT `bansach`.`nhanvien`.`MaNV`, `bansach`.`nhanvien`.`TenDangNhap`, `bansach`.`nhanvien`.`MatKhau`, `bansach`.`nhanvien`.`HoTen`, `bansach`.`nhanvien`.`Email`, `bansach`.`nhanvien`.`SoDienThoai`, `bansach`.`nhanvien`.`VaiTro`, `bansach`.`nhanvien`.`TrangThai`, `bansach`.`nhanvien`.`CreatedAt`, `bansach`.`nhanvien`.`UpdatedAt` FROM `bansach`.`nhanvien` WHERE (`bansach`.`nhanvien`.`MaNV` = ? AND 1=1) LIMIT ? OFFSET ?
prisma:query BEGIN
prisma:query SELECT `bansach`.`nhanvien`.`MaNV` FROM `bansach`.`nhanvien` WHERE (`bansach`.`nhanvien`.`MaNV` = ? AND 1=1)
prisma:query UPDATE `bansach`.`nhanvien` SET `TrangThai` = ?, `UpdatedAt` = ? WHERE (`bansach`.`nhanvien`.`MaNV` IN (?) AND (`bansach`.`nhanvien`.`MaNV` = ? AND 1=1))
prisma:query SELECT `bansach`.`nhanvien`.`MaNV`, `bansach`.`nhanvien`.`TenDangNhap`, `bansach`.`nhanvien`.`MatKhau`, `bansach`.`nhanvien`.`HoTen`, `bansach`.`nhanvien`.`Email`, `bansach`.`nhanvien`.`SoDienThoai`, `bansach`.`nhanvien`.`VaiTro`, `bansach`.`nhanvien`.`TrangThai`, `bansach`.`nhanvien`.`CreatedAt`, `bansach`.`nhanvien`.`UpdatedAt` FROM `bansach`.`nhanvien` WHERE `bansach`.`nhanvien`.`MaNV` = ? LIMIT ? OFFSET ?
prisma:query COMMIT
prisma:query SELECT `bansach`.`nhanvien`.`MaNV`, `bansach`.`nhanvien`.`TenDangNhap`, `bansach`.`nhanvien`.`HoTen`, `bansach`.`nhanvien`.`VaiTro`, `bansach`.`nhanvien`.`TrangThai` FROM `bansach`.`nhanvien` WHERE (`bansach`.`nhanvien`.`MaNV` = ? AND 1=1) LIMIT ? OFFSET ?
prisma:query SELECT COUNT(*) FROM (SELECT `bansach`.`nhanvien`.`MaNV` FROM `bansach`.`nhanvien` WHERE 1=1) AS `sub`
prisma:query SELECT `bansach`.`nhanvien`.`MaNV`, `bansach`.`nhanvien`.`TenDangNhap`, `bansach`.`nhanvien`.`HoTen`, `bansach`.`nhanvien`.`Email`, `bansach`.`nhanvien`.`SoDienThoai`, `bansach`.`nhanvien`.`VaiTro`, `bansach`.`nhanvien`.`TrangThai`, `bansach`.`nhanvien`.`CreatedAt`, `bansach`.`nhanvien`.`UpdatedAt` FROM `bansach`.`nhanvien` WHERE 1=1 ORDER BY `bansach`.`nhanvien`.`CreatedAt` DESC LIMIT ? OFFSET ?
prisma:query SELECT `bansach`.`nhanvien`.`MaNV`, `bansach`.`nhanvien`.`TenDangNhap`, `bansach`.`nhanvien`.`HoTen`, `bansach`.`nhanvien`.`VaiTro`, `bansach`.`nhanvien`.`TrangThai` FROM `bansach`.`nhanvien` WHERE (`bansach`.`nhanvien`.`MaNV` = ? AND 1=1) LIMIT ? OFFSET ?
prisma:query SELECT `bansach`.`nhanvien`.`MaNV`, `bansach`.`nhanvien`.`TenDangNhap`, `bansach`.`nhanvien`.`MatKhau`, `bansach`.`nhanvien`.`HoTen`, `bansach`.`nhanvien`.`Email`, `bansach`.`nhanvien`.`SoDienThoai`, `bansach`.`nhanvien`.`VaiTro`, `bansach`.`nhanvien`.`TrangThai`, `bansach`.`nhanvien`.`CreatedAt`, `bansach`.`nhanvien`.`UpdatedAt` FROM `bansach`.`nhanvien` WHERE (`bansach`.`nhanvien`.`MaNV` = ? AND 1=1) LIMIT ? OFFSET ?
prisma:query SELECT `bansach`.`nhanvien`.`MaNV`, `bansach`.`nhanvien`.`TenDangNhap`, `bansach`.`nhanvien`.`HoTen`, `bansach`.`nhanvien`.`VaiTro`, `bansach`.`nhanvien`.`TrangThai` FROM `bansach`.`nhanvien` WHERE (`bansach`.`nhanvien`.`MaNV` = ? AND 1=1) LIMIT ? OFFSET ?
prisma:query SELECT `bansach`.`nhanvien`.`MaNV`, `bansach`.`nhanvien`.`TenDangNhap`, `bansach`.`nhanvien`.`MatKhau`, `bansach`.`nhanvien`.`HoTen`, `bansach`.`nhanvien`.`Email`, `bansach`.`nhanvien`.`SoDienThoai`, `bansach`.`nhanvien`.`VaiTro`, `bansach`.`nhanvien`.`TrangThai`, `bansach`.`nhanvien`.`CreatedAt`, `bansach`.`nhanvien`.`UpdatedAt` FROM `bansach`.`nhanvien` WHERE (`bansach`.`nhanvien`.`MaNV` = ? AND 1=1) LIMIT ? OFFSET ?
prisma:query BEGIN
prisma:query SELECT `bansach`.`nhanvien`.`MaNV` FROM `bansach`.`nhanvien` WHERE (`bansach`.`nhanvien`.`MaNV` = ? AND 1=1)
prisma:query UPDATE `bansach`.`nhanvien` SET `TrangThai` = ?, `UpdatedAt` = ? WHERE (`bansach`.`nhanvien`.`MaNV` IN (?) AND (`bansach`.`nhanvien`.`MaNV` = ? AND 1=1))
prisma:query SELECT `bansach`.`nhanvien`.`MaNV`, `bansach`.`nhanvien`.`HoTen`, `bansach`.`nhanvien`.`TrangThai` FROM `bansach`.`nhanvien` WHERE `bansach`.`nhanvien`.`MaNV` = ? LIMIT ? OFFSET ?
prisma:query COMMIT
prisma:query SELECT `bansach`.`nhanvien`.`MaNV`, `bansach`.`nhanvien`.`TenDangNhap`, `bansach`.`nhanvien`.`HoTen`, `bansach`.`nhanvien`.`VaiTro`, `bansach`.`nhanvien`.`TrangThai` FROM `bansach`.`nhanvien` WHERE (`bansach`.`nhanvien`.`MaNV` = ? AND 1=1) LIMIT ? OFFSET ?
prisma:query SELECT COUNT(*) FROM (SELECT `bansach`.`nhanvien`.`MaNV` FROM `bansach`.`nhanvien` WHERE 1=1) AS `sub`
prisma:query SELECT `bansach`.`nhanvien`.`MaNV`, `bansach`.`nhanvien`.`TenDangNhap`, `bansach`.`nhanvien`.`HoTen`, `bansach`.`nhanvien`.`Email`, `bansach`.`nhanvien`.`SoDienThoai`, `bansach`.`nhanvien`.`VaiTro`, `bansach`.`nhanvien`.`TrangThai`, `bansach`.`nhanvien`.`CreatedAt`, `bansach`.`nhanvien`.`UpdatedAt` FROM `bansach`.`nhanvien` WHERE 1=1 ORDER BY `bansach`.`nhanvien`.`CreatedAt` DESC LIMIT ? OFFSET ?
prisma:query SELECT `bansach`.`nhanvien`.`MaNV`, `bansach`.`nhanvien`.`TenDangNhap`, `bansach`.`nhanvien`.`HoTen`, `bansach`.`nhanvien`.`VaiTro`, `bansach`.`nhanvien`.`TrangThai` FROM `bansach`.`nhanvien` WHERE (`bansach`.`nhanvien`.`MaNV` = ? AND 1=1) LIMIT ? OFFSET ?
prisma:query SELECT `bansach`.`nhanvien`.`MaNV`, `bansach`.`nhanvien`.`TenDangNhap`, `bansach`.`nhanvien`.`MatKhau`, `bansach`.`nhanvien`.`HoTen`, `bansach`.`nhanvien`.`Email`, `bansach`.`nhanvien`.`SoDienThoai`, `bansach`.`nhanvien`.`VaiTro`, `bansach`.`nhanvien`.`TrangThai`, `bansach`.`nhanvien`.`CreatedAt`, `bansach`.`nhanvien`.`UpdatedAt` FROM `bansach`.`nhanvien` WHERE (`bansach`.`nhanvien`.`MaNV` = ? AND 1=1) LIMIT ? OFFSET ?
prisma:query BEGIN
prisma:query SELECT `bansach`.`nhanvien`.`MaNV` FROM `bansach`.`nhanvien` WHERE (`bansach`.`nhanvien`.`MaNV` = ? AND 1=1)
prisma:query UPDATE `bansach`.`nhanvien` SET `TrangThai` = ?, `UpdatedAt` = ? WHERE (`bansach`.`nhanvien`.`MaNV` IN (?) AND (`bansach`.`nhanvien`.`MaNV` = ? AND 1=1))
prisma:query SELECT `bansach`.`nhanvien`.`MaNV`, `bansach`.`nhanvien`.`HoTen`, `bansach`.`nhanvien`.`TrangThai` FROM `bansach`.`nhanvien` WHERE `bansach`.`nhanvien`.`MaNV` = ? LIMIT ? OFFSET ?
prisma:query COMMIT
prisma:query SELECT `bansach`.`nhanvien`.`MaNV`, `bansach`.`nhanvien`.`TenDangNhap`, `bansach`.`nhanvien`.`HoTen`, `bansach`.`nhanvien`.`VaiTro`, `bansach`.`nhanvien`.`TrangThai` FROM `bansach`.`nhanvien` WHERE (`bansach`.`nhanvien`.`MaNV` = ? AND 1=1) LIMIT ? OFFSET ?
prisma:query SELECT COUNT(*) FROM (SELECT `bansach`.`nhanvien`.`MaNV` FROM `bansach`.`nhanvien` WHERE 1=1) AS `sub`
prisma:query SELECT `bansach`.`nhanvien`.`MaNV`, `bansach`.`nhanvien`.`TenDangNhap`, `bansach`.`nhanvien`.`HoTen`, `bansach`.`nhanvien`.`Email`, `bansach`.`nhanvien`.`SoDienThoai`, `bansach`.`nhanvien`.`VaiTro`, `bansach`.`nhanvien`.`TrangThai`, `bansach`.`nhanvien`.`CreatedAt`, `bansach`.`nhanvien`.`UpdatedAt` FROM `bansach`.`nhanvien` WHERE 1=1 ORDER BY `bansach`.`nhanvien`.`CreatedAt` DESC LIMIT ? OFFSET ?
prisma:query SELECT `bansach`.`nhanvien`.`MaNV`, `bansach`.`nhanvien`.`TenDangNhap`, `bansach`.`nhanvien`.`HoTen`, `bansach`.`nhanvien`.`VaiTro`, `bansach`.`nhanvien`.`TrangThai` FROM `bansach`.`nhanvien` WHERE (`bansach`.`nhanvien`.`MaNV` = ? AND 1=1) LIMIT ? OFFSET ?
prisma:query SELECT `bansach`.`nhanvien`.`MaNV`, `bansach`.`nhanvien`.`TenDangNhap`, `bansach`.`nhanvien`.`MatKhau`, `bansach`.`nhanvien`.`HoTen`, `bansach`.`nhanvien`.`Email`, `bansach`.`nhanvien`.`SoDienThoai`, `bansach`.`nhanvien`.`VaiTro`, `bansach`.`nhanvien`.`TrangThai`, `bansach`.`nhanvien`.`CreatedAt`, `bansach`.`nhanvien`.`UpdatedAt` FROM `bansach`.`nhanvien` WHERE (`bansach`.`nhanvien`.`MaNV` = ? AND 1=1) LIMIT ? OFFSET ?
prisma:query BEGIN
prisma:query SELECT `bansach`.`nhanvien`.`MaNV` FROM `bansach`.`nhanvien` WHERE (`bansach`.`nhanvien`.`MaNV` = ? AND 1=1)
prisma:query UPDATE `bansach`.`nhanvien` SET `TrangThai` = ?, `UpdatedAt` = ? WHERE (`bansach`.`nhanvien`.`MaNV` IN (?) AND (`bansach`.`nhanvien`.`MaNV` = ? AND 1=1))
prisma:query SELECT `bansach`.`nhanvien`.`MaNV`, `bansach`.`nhanvien`.`HoTen`, `bansach`.`nhanvien`.`TrangThai` FROM `bansach`.`nhanvien` WHERE `bansach`.`nhanvien`.`MaNV` = ? LIMIT ? OFFSET ?
prisma:query COMMIT
prisma:query SELECT `bansach`.`nhanvien`.`MaNV`, `bansach`.`nhanvien`.`TenDangNhap`, `bansach`.`nhanvien`.`HoTen`, `bansach`.`nhanvien`.`VaiTro`, `bansach`.`nhanvien`.`TrangThai` FROM `bansach`.`nhanvien` WHERE (`bansach`.`nhanvien`.`MaNV` = ? AND 1=1) LIMIT ? OFFSET ?
prisma:query SELECT COUNT(*) FROM (SELECT `bansach`.`nhanvien`.`MaNV` FROM `bansach`.`nhanvien` WHERE 1=1) AS `sub`
prisma:query SELECT `bansach`.`nhanvien`.`MaNV`, `bansach`.`nhanvien`.`TenDangNhap`, `bansach`.`nhanvien`.`HoTen`, `bansach`.`nhanvien`.`Email`, `bansach`.`nhanvien`.`SoDienThoai`, `bansach`.`nhanvien`.`VaiTro`, `bansach`.`nhanvien`.`TrangThai`, `bansach`.`nhanvien`.`CreatedAt`, `bansach`.`nhanvien`.`UpdatedAt` FROM `bansach`.`nhanvien` WHERE 1=1 ORDER BY `bansach`.`nhanvien`.`CreatedAt` DESC LIMIT ? OFFSET ?
prisma:query SELECT `bansach`.`nhanvien`.`MaNV`, `bansach`.`nhanvien`.`TenDangNhap`, `bansach`.`nhanvien`.`HoTen`, `bansach`.`nhanvien`.`VaiTro`, `bansach`.`nhanvien`.`TrangThai` FROM `bansach`.`nhanvien` WHERE (`bansach`.`nhanvien`.`MaNV` = ? AND 1=1) LIMIT ? OFFSET ?
prisma:query SELECT `bansach`.`nhanvien`.`MaNV`, `bansach`.`nhanvien`.`TenDangNhap`, `bansach`.`nhanvien`.`MatKhau`, `bansach`.`nhanvien`.`HoTen`, `bansach`.`nhanvien`.`Email`, `bansach`.`nhanvien`.`SoDienThoai`, `bansach`.`nhanvien`.`VaiTro`, `bansach`.`nhanvien`.`TrangThai`, `bansach`.`nhanvien`.`CreatedAt`, `bansach`.`nhanvien`.`UpdatedAt` FROM `bansach`.`nhanvien` WHERE (`bansach`.`nhanvien`.`MaNV` = ? AND 1=1) LIMIT ? OFFSET ?
prisma:query BEGIN
prisma:query SELECT `bansach`.`nhanvien`.`MaNV` FROM `bansach`.`nhanvien` WHERE (`bansach`.`nhanvien`.`MaNV` = ? AND 1=1)
prisma:query UPDATE `bansach`.`nhanvien` SET `TrangThai` = ?, `UpdatedAt` = ? WHERE (`bansach`.`nhanvien`.`MaNV` IN (?) AND (`bansach`.`nhanvien`.`MaNV` = ? AND 1=1))
prisma:query SELECT `bansach`.`nhanvien`.`MaNV`, `bansach`.`nhanvien`.`HoTen`, `bansach`.`nhanvien`.`TrangThai` FROM `bansach`.`nhanvien` WHERE `bansach`.`nhanvien`.`MaNV` = ? LIMIT ? OFFSET ?
prisma:query COMMIT
prisma:query SELECT `bansach`.`nhanvien`.`MaNV`, `bansach`.`nhanvien`.`TenDangNhap`, `bansach`.`nhanvien`.`HoTen`, `bansach`.`nhanvien`.`VaiTro`, `bansach`.`nhanvien`.`TrangThai` FROM `bansach`.`nhanvien` WHERE (`bansach`.`nhanvien`.`MaNV` = ? AND 1=1) LIMIT ? OFFSET ?
prisma:query SELECT COUNT(*) FROM (SELECT `bansach`.`nhanvien`.`MaNV` FROM `bansach`.`nhanvien` WHERE 1=1) AS `sub`
prisma:query SELECT `bansach`.`nhanvien`.`MaNV`, `bansach`.`nhanvien`.`TenDangNhap`, `bansach`.`nhanvien`.`HoTen`, `bansach`.`nhanvien`.`Email`, `bansach`.`nhanvien`.`SoDienThoai`, `bansach`.`nhanvien`.`VaiTro`, `bansach`.`nhanvien`.`TrangThai`, `bansach`.`nhanvien`.`CreatedAt`, `bansach`.`nhanvien`.`UpdatedAt` FROM `bansach`.`nhanvien` WHERE 1=1 ORDER BY `bansach`.`nhanvien`.`CreatedAt` DESC LIMIT ? OFFSET ?
prisma:query SELECT 1
prisma:query SELECT `bansach`.`nhanvien`.`MaNV`, `bansach`.`nhanvien`.`TenDangNhap`, `bansach`.`nhanvien`.`HoTen`, `bansach`.`nhanvien`.`VaiTro`, `bansach`.`nhanvien`.`TrangThai` FROM `bansach`.`nhanvien` WHERE (`bansach`.`nhanvien`.`MaNV` = ? AND 1=1) LIMIT ? OFFSET ?
prisma:query SELECT `bansach`.`nhanvien`.`MaNV`, `bansach`.`nhanvien`.`TenDangNhap`, `bansach`.`nhanvien`.`MatKhau`, `bansach`.`nhanvien`.`HoTen`, `bansach`.`nhanvien`.`Email`, `bansach`.`nhanvien`.`SoDienThoai`, `bansach`.`nhanvien`.`VaiTro`, `bansach`.`nhanvien`.`TrangThai`, `bansach`.`nhanvien`.`CreatedAt`, `bansach`.`nhanvien`.`UpdatedAt` FROM `bansach`.`nhanvien` WHERE (`bansach`.`nhanvien`.`TenDangNhap` = ? AND 1=1) LIMIT ? OFFSET ?
prisma:query SELECT `bansach`.`nhanvien`.`MaNV`, `bansach`.`nhanvien`.`TenDangNhap`, `bansach`.`nhanvien`.`MatKhau`, `bansach`.`nhanvien`.`HoTen`, `bansach`.`nhanvien`.`Email`, `bansach`.`nhanvien`.`SoDienThoai`, `bansach`.`nhanvien`.`VaiTro`, `bansach`.`nhanvien`.`TrangThai`, `bansach`.`nhanvien`.`CreatedAt`, `bansach`.`nhanvien`.`UpdatedAt` FROM `bansach`.`nhanvien` WHERE (`bansach`.`nhanvien`.`TenDangNhap` = ? AND 1=1) LIMIT ? OFFSET ?
prisma:query SELECT 1
prisma:query SELECT `bansach`.`nhanvien`.`MaNV`, `bansach`.`nhanvien`.`TenDangNhap`, `bansach`.`nhanvien`.`MatKhau`, `bansach`.`nhanvien`.`HoTen`, `bansach`.`nhanvien`.`Email`, `bansach`.`nhanvien`.`SoDienThoai`, `bansach`.`nhanvien`.`VaiTro`, `bansach`.`nhanvien`.`TrangThai`, `bansach`.`nhanvien`.`CreatedAt`, `bansach`.`nhanvien`.`UpdatedAt` FROM `bansach`.`nhanvien` WHERE (`bansach`.`nhanvien`.`TenDangNhap` = ? AND 1=1) LIMIT ? OFFSET ?
prisma:query SELECT `bansach`.`nhanvien`.`MaNV`, `bansach`.`nhanvien`.`TenDangNhap`, `bansach`.`nhanvien`.`HoTen`, `bansach`.`nhanvien`.`VaiTro`, `bansach`.`nhanvien`.`TrangThai` FROM `bansach`.`nhanvien` WHERE (`bansach`.`nhanvien`.`MaNV` = ? AND 1=1) LIMIT ? OFFSET ?
prisma:query SELECT COUNT(*) FROM (SELECT `bansach`.`nhanvien`.`MaNV` FROM `bansach`.`nhanvien` WHERE 1=1) AS `sub`
prisma:query SELECT `bansach`.`nhanvien`.`MaNV`, `bansach`.`nhanvien`.`TenDangNhap`, `bansach`.`nhanvien`.`HoTen`, `bansach`.`nhanvien`.`Email`, `bansach`.`nhanvien`.`SoDienThoai`, `bansach`.`nhanvien`.`VaiTro`, `bansach`.`nhanvien`.`TrangThai`, `bansach`.`nhanvien`.`CreatedAt`, `bansach`.`nhanvien`.`UpdatedAt` FROM `bansach`.`nhanvien` WHERE 1=1 ORDER BY `bansach`.`nhanvien`.`CreatedAt` DESC LIMIT ? OFFSET ?
prisma:query SELECT `bansach`.`nhanvien`.`MaNV`, `bansach`.`nhanvien`.`TenDangNhap`, `bansach`.`nhanvien`.`HoTen`, `bansach`.`nhanvien`.`VaiTro`, `bansach`.`nhanvien`.`TrangThai` FROM `bansach`.`nhanvien` WHERE (`bansach`.`nhanvien`.`MaNV` = ? AND 1=1) LIMIT ? OFFSET ?
prisma:query SELECT COUNT(*) FROM (SELECT `bansach`.`nhanvien`.`MaNV` FROM `bansach`.`nhanvien` WHERE 1=1) AS `sub`
prisma:query SELECT `bansach`.`nhanvien`.`MaNV`, `bansach`.`nhanvien`.`TenDangNhap`, `bansach`.`nhanvien`.`HoTen`, `bansach`.`nhanvien`.`Email`, `bansach`.`nhanvien`.`SoDienThoai`, `bansach`.`nhanvien`.`VaiTro`, `bansach`.`nhanvien`.`TrangThai`, `bansach`.`nhanvien`.`CreatedAt`, `bansach`.`nhanvien`.`UpdatedAt` FROM `bansach`.`nhanvien` WHERE 1=1 ORDER BY `bansach`.`nhanvien`.`CreatedAt` DESC LIMIT ? OFFSET ?
prisma:query SELECT `bansach`.`nhanvien`.`MaNV`, `bansach`.`nhanvien`.`TenDangNhap`, `bansach`.`nhanvien`.`HoTen`, `bansach`.`nhanvien`.`VaiTro`, `bansach`.`nhanvien`.`TrangThai` FROM `bansach`.`nhanvien` WHERE (`bansach`.`nhanvien`.`MaNV` = ? AND 1=1) LIMIT ? OFFSET ?
prisma:query SELECT `bansach`.`nhanvien`.`MaNV`, `bansach`.`nhanvien`.`TenDangNhap`, `bansach`.`nhanvien`.`MatKhau`, `bansach`.`nhanvien`.`HoTen`, `bansach`.`nhanvien`.`Email`, `bansach`.`nhanvien`.`SoDienThoai`, `bansach`.`nhanvien`.`VaiTro`, `bansach`.`nhanvien`.`TrangThai`, `bansach`.`nhanvien`.`CreatedAt`, `bansach`.`nhanvien`.`UpdatedAt` FROM `bansach`.`nhanvien` WHERE (`bansach`.`nhanvien`.`MaNV` = ? AND 1=1) LIMIT ? OFFSET ?
prisma:query BEGIN
prisma:query SELECT `bansach`.`nhanvien`.`MaNV` FROM `bansach`.`nhanvien` WHERE (`bansach`.`nhanvien`.`MaNV` = ? AND 1=1)
prisma:query UPDATE `bansach`.`nhanvien` SET `TrangThai` = ?, `UpdatedAt` = ? WHERE (`bansach`.`nhanvien`.`MaNV` IN (?) AND (`bansach`.`nhanvien`.`MaNV` = ? AND 1=1))
prisma:query SELECT `bansach`.`nhanvien`.`MaNV`, `bansach`.`nhanvien`.`HoTen`, `bansach`.`nhanvien`.`TrangThai` FROM `bansach`.`nhanvien` WHERE `bansach`.`nhanvien`.`MaNV` = ? LIMIT ? OFFSET ?
prisma:query COMMIT
prisma:query SELECT `bansach`.`nhanvien`.`MaNV`, `bansach`.`nhanvien`.`TenDangNhap`, `bansach`.`nhanvien`.`HoTen`, `bansach`.`nhanvien`.`VaiTro`, `bansach`.`nhanvien`.`TrangThai` FROM `bansach`.`nhanvien` WHERE (`bansach`.`nhanvien`.`MaNV` = ? AND 1=1) LIMIT ? OFFSET ?
prisma:query SELECT COUNT(*) FROM (SELECT `bansach`.`nhanvien`.`MaNV` FROM `bansach`.`nhanvien` WHERE 1=1) AS `sub`
prisma:query SELECT `bansach`.`nhanvien`.`MaNV`, `bansach`.`nhanvien`.`TenDangNhap`, `bansach`.`nhanvien`.`HoTen`, `bansach`.`nhanvien`.`Email`, `bansach`.`nhanvien`.`SoDienThoai`, `bansach`.`nhanvien`.`VaiTro`, `bansach`.`nhanvien`.`TrangThai`, `bansach`.`nhanvien`.`CreatedAt`, `bansach`.`nhanvien`.`UpdatedAt` FROM `bansach`.`nhanvien` WHERE 1=1 ORDER BY `bansach`.`nhanvien`.`CreatedAt` DESC LIMIT ? OFFSET ?
prisma:query SELECT `bansach`.`nhanvien`.`MaNV`, `bansach`.`nhanvien`.`TenDangNhap`, `bansach`.`nhanvien`.`HoTen`, `bansach`.`nhanvien`.`VaiTro`, `bansach`.`nhanvien`.`TrangThai` FROM `bansach`.`nhanvien` WHERE (`bansach`.`nhanvien`.`MaNV` = ? AND 1=1) LIMIT ? OFFSET ?
prisma:query SELECT `bansach`.`nhanvien`.`MaNV`, `bansach`.`nhanvien`.`TenDangNhap`, `bansach`.`nhanvien`.`MatKhau`, `bansach`.`nhanvien`.`HoTen`, `bansach`.`nhanvien`.`Email`, `bansach`.`nhanvien`.`SoDienThoai`, `bansach`.`nhanvien`.`VaiTro`, `bansach`.`nhanvien`.`TrangThai`, `bansach`.`nhanvien`.`CreatedAt`, `bansach`.`nhanvien`.`UpdatedAt` FROM `bansach`.`nhanvien` WHERE (`bansach`.`nhanvien`.`TenDangNhap` = ? AND 1=1) LIMIT ? OFFSET ?
prisma:query SELECT 1
prisma:query SELECT `bansach`.`nhanvien`.`MaNV`, `bansach`.`nhanvien`.`TenDangNhap`, `bansach`.`nhanvien`.`MatKhau`, `bansach`.`nhanvien`.`HoTen`, `bansach`.`nhanvien`.`Email`, `bansach`.`nhanvien`.`SoDienThoai`, `bansach`.`nhanvien`.`VaiTro`, `bansach`.`nhanvien`.`TrangThai`, `bansach`.`nhanvien`.`CreatedAt`, `bansach`.`nhanvien`.`UpdatedAt` FROM `bansach`.`nhanvien` WHERE (`bansach`.`nhanvien`.`TenDangNhap` = ? AND 1=1) LIMIT ? OFFSET ?
prisma:query SELECT 1
prisma:query SELECT `bansach`.`nhanvien`.`MaNV`, `bansach`.`nhanvien`.`TenDangNhap`, `bansach`.`nhanvien`.`HoTen`, `bansach`.`nhanvien`.`VaiTro`, `bansach`.`nhanvien`.`TrangThai` FROM `bansach`.`nhanvien` WHERE (`bansach`.`nhanvien`.`MaNV` = ? AND 1=1) LIMIT ? OFFSET ?
prisma:query SELECT `bansach`.`nhanvien`.`MaNV`, `bansach`.`nhanvien`.`TenDangNhap`, `bansach`.`nhanvien`.`MatKhau`, `bansach`.`nhanvien`.`HoTen`, `bansach`.`nhanvien`.`Email`, `bansach`.`nhanvien`.`SoDienThoai`, `bansach`.`nhanvien`.`VaiTro`, `bansach`.`nhanvien`.`TrangThai`, `bansach`.`nhanvien`.`CreatedAt`, `bansach`.`nhanvien`.`UpdatedAt` FROM `bansach`.`nhanvien` WHERE (`bansach`.`nhanvien`.`TenDangNhap` = ? AND 1=1) LIMIT ? OFFSET ?
prisma:query SELECT `bansach`.`nhanvien`.`MaNV`, `bansach`.`nhanvien`.`TenDangNhap`, `bansach`.`nhanvien`.`HoTen`, `bansach`.`nhanvien`.`VaiTro`, `bansach`.`nhanvien`.`TrangThai` FROM `bansach`.`nhanvien` WHERE (`bansach`.`nhanvien`.`MaNV` = ? AND 1=1) LIMIT ? OFFSET ?
prisma:query SELECT COUNT(*) FROM (SELECT `bansach`.`nhanvien`.`MaNV` FROM `bansach`.`nhanvien` WHERE 1=1) AS `sub`
prisma:query SELECT `bansach`.`nhanvien`.`MaNV`, `bansach`.`nhanvien`.`TenDangNhap`, `bansach`.`nhanvien`.`HoTen`, `bansach`.`nhanvien`.`Email`, `bansach`.`nhanvien`.`SoDienThoai`, `bansach`.`nhanvien`.`VaiTro`, `bansach`.`nhanvien`.`TrangThai`, `bansach`.`nhanvien`.`CreatedAt`, `bansach`.`nhanvien`.`UpdatedAt` FROM `bansach`.`nhanvien` WHERE 1=1 ORDER BY `bansach`.`nhanvien`.`CreatedAt` DESC LIMIT ? OFFSET ?
prisma:query SELECT `bansach`.`nhanvien`.`MaNV`, `bansach`.`nhanvien`.`TenDangNhap`, `bansach`.`nhanvien`.`HoTen`, `bansach`.`nhanvien`.`VaiTro`, `bansach`.`nhanvien`.`TrangThai` FROM `bansach`.`nhanvien` WHERE (`bansach`.`nhanvien`.`MaNV` = ? AND 1=1) LIMIT ? OFFSET ?
prisma:query SELECT COUNT(*) FROM (SELECT `bansach`.`nhanvien`.`MaNV` FROM `bansach`.`nhanvien` WHERE 1=1) AS `sub`
prisma:query SELECT `bansach`.`nhanvien`.`MaNV`, `bansach`.`nhanvien`.`TenDangNhap`, `bansach`.`nhanvien`.`HoTen`, `bansach`.`nhanvien`.`Email`, `bansach`.`nhanvien`.`SoDienThoai`, `bansach`.`nhanvien`.`VaiTro`, `bansach`.`nhanvien`.`TrangThai`, `bansach`.`nhanvien`.`CreatedAt`, `bansach`.`nhanvien`.`UpdatedAt` FROM `bansach`.`nhanvien` WHERE 1=1 ORDER BY `bansach`.`nhanvien`.`CreatedAt` DESC LIMIT ? OFFSET ?
prisma:query SELECT `bansach`.`nhanvien`.`MaNV`, `bansach`.`nhanvien`.`TenDangNhap`, `bansach`.`nhanvien`.`HoTen`, `bansach`.`nhanvien`.`VaiTro`, `bansach`.`nhanvien`.`TrangThai` FROM `bansach`.`nhanvien` WHERE (`bansach`.`nhanvien`.`MaNV` = ? AND 1=1) LIMIT ? OFFSET ?
prisma:query SELECT COUNT(*) FROM (SELECT `bansach`.`nhanvien`.`MaNV` FROM `bansach`.`nhanvien` WHERE 1=1) AS `sub`
prisma:query SELECT `bansach`.`nhanvien`.`MaNV`, `bansach`.`nhanvien`.`TenDangNhap`, `bansach`.`nhanvien`.`HoTen`, `bansach`.`nhanvien`.`Email`, `bansach`.`nhanvien`.`SoDienThoai`, `bansach`.`nhanvien`.`VaiTro`, `bansach`.`nhanvien`.`TrangThai`, `bansach`.`nhanvien`.`CreatedAt`, `bansach`.`nhanvien`.`UpdatedAt` FROM `bansach`.`nhanvien` WHERE 1=1 ORDER BY `bansach`.`nhanvien`.`CreatedAt` DESC LIMIT ? OFFSET ?
prisma:query SELECT `bansach`.`nhanvien`.`MaNV`, `bansach`.`nhanvien`.`TenDangNhap`, `bansach`.`nhanvien`.`HoTen`, `bansach`.`nhanvien`.`VaiTro`, `bansach`.`nhanvien`.`TrangThai` FROM `bansach`.`nhanvien` WHERE (`bansach`.`nhanvien`.`MaNV` = ? AND 1=1) LIMIT ? OFFSET ?
prisma:query SELECT COUNT(*) FROM (SELECT `bansach`.`nhanvien`.`MaNV` FROM `bansach`.`nhanvien` WHERE 1=1) AS `sub`
prisma:query SELECT `bansach`.`nhanvien`.`MaNV`, `bansach`.`nhanvien`.`TenDangNhap`, `bansach`.`nhanvien`.`HoTen`, `bansach`.`nhanvien`.`Email`, `bansach`.`nhanvien`.`SoDienThoai`, `bansach`.`nhanvien`.`VaiTro`, `bansach`.`nhanvien`.`TrangThai`, `bansach`.`nhanvien`.`CreatedAt`, `bansach`.`nhanvien`.`UpdatedAt` FROM `bansach`.`nhanvien` WHERE 1=1 ORDER BY `bansach`.`nhanvien`.`CreatedAt` DESC LIMIT ? OFFSET ?
prisma:query SELECT `bansach`.`nhanvien`.`MaNV`, `bansach`.`nhanvien`.`TenDangNhap`, `bansach`.`nhanvien`.`HoTen`, `bansach`.`nhanvien`.`VaiTro`, `bansach`.`nhanvien`.`TrangThai` FROM `bansach`.`nhanvien` WHERE (`bansach`.`nhanvien`.`MaNV` = ? AND 1=1) LIMIT ? OFFSET ?
prisma:query SELECT COUNT(*) FROM (SELECT `bansach`.`nhanvien`.`MaNV` FROM `bansach`.`nhanvien` WHERE 1=1) AS `sub`
prisma:query SELECT `bansach`.`nhanvien`.`MaNV`, `bansach`.`nhanvien`.`TenDangNhap`, `bansach`.`nhanvien`.`HoTen`, `bansach`.`nhanvien`.`Email`, `bansach`.`nhanvien`.`SoDienThoai`, `bansach`.`nhanvien`.`VaiTro`, `bansach`.`nhanvien`.`TrangThai`, `bansach`.`nhanvien`.`CreatedAt`, `bansach`.`nhanvien`.`UpdatedAt` FROM `bansach`.`nhanvien` WHERE 1=1 ORDER BY `bansach`.`nhanvien`.`CreatedAt` DESC LIMIT ? OFFSET ?
prisma:query SELECT `bansach`.`nhanvien`.`MaNV`, `bansach`.`nhanvien`.`TenDangNhap`, `bansach`.`nhanvien`.`HoTen`, `bansach`.`nhanvien`.`VaiTro`, `bansach`.`nhanvien`.`TrangThai` FROM `bansach`.`nhanvien` WHERE (`bansach`.`nhanvien`.`MaNV` = ? AND 1=1) LIMIT ? OFFSET ?
prisma:query SELECT COUNT(*) FROM (SELECT `bansach`.`nhanvien`.`MaNV` FROM `bansach`.`nhanvien` WHERE 1=1) AS `sub`
prisma:query SELECT `bansach`.`nhanvien`.`MaNV`, `bansach`.`nhanvien`.`TenDangNhap`, `bansach`.`nhanvien`.`HoTen`, `bansach`.`nhanvien`.`Email`, `bansach`.`nhanvien`.`SoDienThoai`, `bansach`.`nhanvien`.`VaiTro`, `bansach`.`nhanvien`.`TrangThai`, `bansach`.`nhanvien`.`CreatedAt`, `bansach`.`nhanvien`.`UpdatedAt` FROM `bansach`.`nhanvien` WHERE 1=1 ORDER BY `bansach`.`nhanvien`.`CreatedAt` DESC LIMIT ? OFFSET ?
prisma:query SELECT `bansach`.`nhanvien`.`MaNV`, `bansach`.`nhanvien`.`TenDangNhap`, `bansach`.`nhanvien`.`HoTen`, `bansach`.`nhanvien`.`VaiTro`, `bansach`.`nhanvien`.`TrangThai` FROM `bansach`.`nhanvien` WHERE (`bansach`.`nhanvien`.`MaNV` = ? AND 1=1) LIMIT ? OFFSET ?
prisma:query SELECT `bansach`.`nhanvien`.`MaNV`, `bansach`.`nhanvien`.`TenDangNhap`, `bansach`.`nhanvien`.`MatKhau`, `bansach`.`nhanvien`.`HoTen`, `bansach`.`nhanvien`.`Email`, `bansach`.`nhanvien`.`SoDienThoai`, `bansach`.`nhanvien`.`VaiTro`, `bansach`.`nhanvien`.`TrangThai`, `bansach`.`nhanvien`.`CreatedAt`, `bansach`.`nhanvien`.`UpdatedAt` FROM `bansach`.`nhanvien` WHERE (`bansach`.`nhanvien`.`TenDangNhap` = ? AND 1=1) LIMIT ? OFFSET ?
prisma:query SELECT 1
prisma:query SELECT `bansach`.`nhanvien`.`MaNV`, `bansach`.`nhanvien`.`TenDangNhap`, `bansach`.`nhanvien`.`HoTen`, `bansach`.`nhanvien`.`VaiTro`, `bansach`.`nhanvien`.`TrangThai` FROM `bansach`.`nhanvien` WHERE (`bansach`.`nhanvien`.`MaNV` = ? AND 1=1) LIMIT ? OFFSET ?
prisma:query SELECT `bansach`.`nhanvien`.`MaNV`, `bansach`.`nhanvien`.`TenDangNhap`, `bansach`.`nhanvien`.`HoTen`, `bansach`.`nhanvien`.`Email`, `bansach`.`nhanvien`.`SoDienThoai`, `bansach`.`nhanvien`.`VaiTro`, `bansach`.`nhanvien`.`TrangThai`, `bansach`.`nhanvien`.`CreatedAt` FROM `bansach`.`nhanvien` WHERE (`bansach`.`nhanvien`.`MaNV` = ? AND 1=1) LIMIT ? OFFSET ?
prisma:query SELECT `bansach`.`nhanvien`.`MaNV`, `bansach`.`nhanvien`.`TenDangNhap`, `bansach`.`nhanvien`.`HoTen`, `bansach`.`nhanvien`.`VaiTro`, `bansach`.`nhanvien`.`TrangThai` FROM `bansach`.`nhanvien` WHERE (`bansach`.`nhanvien`.`MaNV` = ? AND 1=1) LIMIT ? OFFSET ?
prisma:query SELECT `bansach`.`nhanvien`.`MaNV`, `bansach`.`nhanvien`.`TenDangNhap`, `bansach`.`nhanvien`.`HoTen`, `bansach`.`nhanvien`.`Email`, `bansach`.`nhanvien`.`SoDienThoai`, `bansach`.`nhanvien`.`VaiTro`, `bansach`.`nhanvien`.`TrangThai`, `bansach`.`nhanvien`.`CreatedAt` FROM `bansach`.`nhanvien` WHERE (`bansach`.`nhanvien`.`MaNV` = ? AND 1=1) LIMIT ? OFFSET ?
prisma:query SELECT `bansach`.`nhanvien`.`MaNV`, `bansach`.`nhanvien`.`TenDangNhap`, `bansach`.`nhanvien`.`HoTen`, `bansach`.`nhanvien`.`VaiTro`, `bansach`.`nhanvien`.`TrangThai` FROM `bansach`.`nhanvien` WHERE (`bansach`.`nhanvien`.`MaNV` = ? AND 1=1) LIMIT ? OFFSET ?
prisma:query SELECT `bansach`.`nhanvien`.`MaNV`, `bansach`.`nhanvien`.`TenDangNhap`, `bansach`.`nhanvien`.`HoTen`, `bansach`.`nhanvien`.`Email`, `bansach`.`nhanvien`.`SoDienThoai`, `bansach`.`nhanvien`.`VaiTro`, `bansach`.`nhanvien`.`TrangThai`, `bansach`.`nhanvien`.`CreatedAt` FROM `bansach`.`nhanvien` WHERE (`bansach`.`nhanvien`.`MaNV` = ? AND 1=1) LIMIT ? OFFSET ?
prisma:query SELECT `bansach`.`nhanvien`.`MaNV`, `bansach`.`nhanvien`.`TenDangNhap`, `bansach`.`nhanvien`.`HoTen`, `bansach`.`nhanvien`.`VaiTro`, `bansach`.`nhanvien`.`TrangThai` FROM `bansach`.`nhanvien` WHERE (`bansach`.`nhanvien`.`MaNV` = ? AND 1=1) LIMIT ? OFFSET ?
prisma:query SELECT `bansach`.`nhanvien`.`MaNV`, `bansach`.`nhanvien`.`TenDangNhap`, `bansach`.`nhanvien`.`HoTen`, `bansach`.`nhanvien`.`Email`, `bansach`.`nhanvien`.`SoDienThoai`, `bansach`.`nhanvien`.`VaiTro`, `bansach`.`nhanvien`.`TrangThai`, `bansach`.`nhanvien`.`CreatedAt` FROM `bansach`.`nhanvien` WHERE (`bansach`.`nhanvien`.`MaNV` = ? AND 1=1) LIMIT ? OFFSET ?
prisma:query SELECT `bansach`.`nhanvien`.`MaNV`, `bansach`.`nhanvien`.`TenDangNhap`, `bansach`.`nhanvien`.`HoTen`, `bansach`.`nhanvien`.`VaiTro`, `bansach`.`nhanvien`.`TrangThai` FROM `bansach`.`nhanvien` WHERE (`bansach`.`nhanvien`.`MaNV` = ? AND 1=1) LIMIT ? OFFSET ?
prisma:query SELECT 1
prisma:query SELECT `bansach`.`nhanvien`.`MaNV`, `bansach`.`nhanvien`.`TenDangNhap`, `bansach`.`nhanvien`.`MatKhau`, `bansach`.`nhanvien`.`HoTen`, `bansach`.`nhanvien`.`Email`, `bansach`.`nhanvien`.`SoDienThoai`, `bansach`.`nhanvien`.`VaiTro`, `bansach`.`nhanvien`.`TrangThai`, `bansach`.`nhanvien`.`CreatedAt`, `bansach`.`nhanvien`.`UpdatedAt` FROM `bansach`.`nhanvien` WHERE (`bansach`.`nhanvien`.`TenDangNhap` = ? AND 1=1) LIMIT ? OFFSET ?
prisma:query SELECT 1
prisma:query SELECT `bansach`.`nhanvien`.`MaNV`, `bansach`.`nhanvien`.`TenDangNhap`, `bansach`.`nhanvien`.`HoTen`, `bansach`.`nhanvien`.`VaiTro`, `bansach`.`nhanvien`.`TrangThai` FROM `bansach`.`nhanvien` WHERE (`bansach`.`nhanvien`.`MaNV` = ? AND 1=1) LIMIT ? OFFSET ?
prisma:query SELECT `bansach`.`nhanvien`.`MaNV`, `bansach`.`nhanvien`.`TenDangNhap`, `bansach`.`nhanvien`.`HoTen`, `bansach`.`nhanvien`.`Email`, `bansach`.`nhanvien`.`SoDienThoai`, `bansach`.`nhanvien`.`VaiTro`, `bansach`.`nhanvien`.`TrangThai`, `bansach`.`nhanvien`.`CreatedAt` FROM `bansach`.`nhanvien` WHERE (`bansach`.`nhanvien`.`MaNV` = ? AND 1=1) LIMIT ? OFFSET ?
prisma:query SELECT `bansach`.`nhanvien`.`MaNV`, `bansach`.`nhanvien`.`TenDangNhap`, `bansach`.`nhanvien`.`HoTen`, `bansach`.`nhanvien`.`VaiTro`, `bansach`.`nhanvien`.`TrangThai` FROM `bansach`.`nhanvien` WHERE (`bansach`.`nhanvien`.`MaNV` = ? AND 1=1) LIMIT ? OFFSET ?
prisma:query SELECT `bansach`.`nhanvien`.`MaNV`, `bansach`.`nhanvien`.`TenDangNhap`, `bansach`.`nhanvien`.`HoTen`, `bansach`.`nhanvien`.`Email`, `bansach`.`nhanvien`.`SoDienThoai`, `bansach`.`nhanvien`.`VaiTro`, `bansach`.`nhanvien`.`TrangThai`, `bansach`.`nhanvien`.`CreatedAt` FROM `bansach`.`nhanvien` WHERE (`bansach`.`nhanvien`.`MaNV` = ? AND 1=1) LIMIT ? OFFSET ?
prisma:query SELECT `bansach`.`nhanvien`.`MaNV`, `bansach`.`nhanvien`.`TenDangNhap`, `bansach`.`nhanvien`.`HoTen`, `bansach`.`nhanvien`.`VaiTro`, `bansach`.`nhanvien`.`TrangThai` FROM `bansach`.`nhanvien` WHERE (`bansach`.`nhanvien`.`MaNV` = ? AND 1=1) LIMIT ? OFFSET ?
prisma:query SELECT `bansach`.`nhanvien`.`MaNV`, `bansach`.`nhanvien`.`TenDangNhap`, `bansach`.`nhanvien`.`MatKhau`, `bansach`.`nhanvien`.`HoTen`, `bansach`.`nhanvien`.`Email`, `bansach`.`nhanvien`.`SoDienThoai`, `bansach`.`nhanvien`.`VaiTro`, `bansach`.`nhanvien`.`TrangThai`, `bansach`.`nhanvien`.`CreatedAt`, `bansach`.`nhanvien`.`UpdatedAt` FROM `bansach`.`nhanvien` WHERE (`bansach`.`nhanvien`.`TenDangNhap` = ? AND 1=1) LIMIT ? OFFSET ?
prisma:query SELECT `bansach`.`nhanvien`.`MaNV`, `bansach`.`nhanvien`.`TenDangNhap`, `bansach`.`nhanvien`.`HoTen`, `bansach`.`nhanvien`.`VaiTro`, `bansach`.`nhanvien`.`TrangThai` FROM `bansach`.`nhanvien` WHERE (`bansach`.`nhanvien`.`MaNV` = ? AND 1=1) LIMIT ? OFFSET ?
prisma:query SELECT COUNT(*) FROM (SELECT `bansach`.`nhanvien`.`MaNV` FROM `bansach`.`nhanvien` WHERE 1=1) AS `sub`
prisma:query SELECT `bansach`.`nhanvien`.`MaNV`, `bansach`.`nhanvien`.`TenDangNhap`, `bansach`.`nhanvien`.`HoTen`, `bansach`.`nhanvien`.`Email`, `bansach`.`nhanvien`.`SoDienThoai`, `bansach`.`nhanvien`.`VaiTro`, `bansach`.`nhanvien`.`TrangThai`, `bansach`.`nhanvien`.`CreatedAt`, `bansach`.`nhanvien`.`UpdatedAt` FROM `bansach`.`nhanvien` WHERE 1=1 ORDER BY `bansach`.`nhanvien`.`CreatedAt` DESC LIMIT ? OFFSET ?
prisma:query SELECT `bansach`.`nhanvien`.`MaNV`, `bansach`.`nhanvien`.`TenDangNhap`, `bansach`.`nhanvien`.`HoTen`, `bansach`.`nhanvien`.`VaiTro`, `bansach`.`nhanvien`.`TrangThai` FROM `bansach`.`nhanvien` WHERE (`bansach`.`nhanvien`.`MaNV` = ? AND 1=1) LIMIT ? OFFSET ?
prisma:query SELECT COUNT(*) FROM (SELECT `bansach`.`nhanvien`.`MaNV` FROM `bansach`.`nhanvien` WHERE 1=1) AS `sub`
prisma:query SELECT `bansach`.`nhanvien`.`MaNV`, `bansach`.`nhanvien`.`TenDangNhap`, `bansach`.`nhanvien`.`HoTen`, `bansach`.`nhanvien`.`Email`, `bansach`.`nhanvien`.`SoDienThoai`, `bansach`.`nhanvien`.`VaiTro`, `bansach`.`nhanvien`.`TrangThai`, `bansach`.`nhanvien`.`CreatedAt`, `bansach`.`nhanvien`.`UpdatedAt` FROM `bansach`.`nhanvien` WHERE 1=1 ORDER BY `bansach`.`nhanvien`.`CreatedAt` DESC LIMIT ? OFFSET ?
prisma:query SELECT `bansach`.`nhanvien`.`MaNV`, `bansach`.`nhanvien`.`TenDangNhap`, `bansach`.`nhanvien`.`HoTen`, `bansach`.`nhanvien`.`VaiTro`, `bansach`.`nhanvien`.`TrangThai` FROM `bansach`.`nhanvien` WHERE (`bansach`.`nhanvien`.`MaNV` = ? AND 1=1) LIMIT ? OFFSET ?
prisma:query SELECT `bansach`.`nhanvien`.`MaNV`, `bansach`.`nhanvien`.`TenDangNhap`, `bansach`.`nhanvien`.`MatKhau`, `bansach`.`nhanvien`.`HoTen`, `bansach`.`nhanvien`.`Email`, `bansach`.`nhanvien`.`SoDienThoai`, `bansach`.`nhanvien`.`VaiTro`, `bansach`.`nhanvien`.`TrangThai`, `bansach`.`nhanvien`.`CreatedAt`, `bansach`.`nhanvien`.`UpdatedAt` FROM `bansach`.`nhanvien` WHERE (`bansach`.`nhanvien`.`MaNV` = ? AND 1=1) LIMIT ? OFFSET ?
prisma:query BEGIN
prisma:query SELECT `bansach`.`nhanvien`.`MaNV` FROM `bansach`.`nhanvien` WHERE (`bansach`.`nhanvien`.`MaNV` = ? AND 1=1)
prisma:query UPDATE `bansach`.`nhanvien` SET `TrangThai` = ?, `UpdatedAt` = ? WHERE (`bansach`.`nhanvien`.`MaNV` IN (?) AND (`bansach`.`nhanvien`.`MaNV` = ? AND 1=1))
prisma:query SELECT `bansach`.`nhanvien`.`MaNV`, `bansach`.`nhanvien`.`HoTen`, `bansach`.`nhanvien`.`TrangThai` FROM `bansach`.`nhanvien` WHERE `bansach`.`nhanvien`.`MaNV` = ? LIMIT ? OFFSET ?
prisma:query COMMIT
prisma:query SELECT `bansach`.`nhanvien`.`MaNV`, `bansach`.`nhanvien`.`TenDangNhap`, `bansach`.`nhanvien`.`HoTen`, `bansach`.`nhanvien`.`VaiTro`, `bansach`.`nhanvien`.`TrangThai` FROM `bansach`.`nhanvien` WHERE (`bansach`.`nhanvien`.`MaNV` = ? AND 1=1) LIMIT ? OFFSET ?
prisma:query SELECT COUNT(*) FROM (SELECT `bansach`.`nhanvien`.`MaNV` FROM `bansach`.`nhanvien` WHERE 1=1) AS `sub`
prisma:query SELECT `bansach`.`nhanvien`.`MaNV`, `bansach`.`nhanvien`.`TenDangNhap`, `bansach`.`nhanvien`.`HoTen`, `bansach`.`nhanvien`.`Email`, `bansach`.`nhanvien`.`SoDienThoai`, `bansach`.`nhanvien`.`VaiTro`, `bansach`.`nhanvien`.`TrangThai`, `bansach`.`nhanvien`.`CreatedAt`, `bansach`.`nhanvien`.`UpdatedAt` FROM `bansach`.`nhanvien` WHERE 1=1 ORDER BY `bansach`.`nhanvien`.`CreatedAt` DESC LIMIT ? OFFSET ?
prisma:query SELECT 1
prisma:query SELECT `bansach`.`nhanvien`.`MaNV`, `bansach`.`nhanvien`.`TenDangNhap`, `bansach`.`nhanvien`.`HoTen`, `bansach`.`nhanvien`.`VaiTro`, `bansach`.`nhanvien`.`TrangThai` FROM `bansach`.`nhanvien` WHERE (`bansach`.`nhanvien`.`MaNV` = ? AND 1=1) LIMIT ? OFFSET ?
prisma:query SELECT COUNT(*) FROM (SELECT `bansach`.`nhanvien`.`MaNV` FROM `bansach`.`nhanvien` WHERE 1=1) AS `sub`
prisma:query SELECT `bansach`.`nhanvien`.`MaNV`, `bansach`.`nhanvien`.`TenDangNhap`, `bansach`.`nhanvien`.`HoTen`, `bansach`.`nhanvien`.`Email`, `bansach`.`nhanvien`.`SoDienThoai`, `bansach`.`nhanvien`.`VaiTro`, `bansach`.`nhanvien`.`TrangThai`, `bansach`.`nhanvien`.`CreatedAt`, `bansach`.`nhanvien`.`UpdatedAt` FROM `bansach`.`nhanvien` WHERE 1=1 ORDER BY `bansach`.`nhanvien`.`CreatedAt` DESC LIMIT ? OFFSET ?
prisma:query SELECT `bansach`.`nhanvien`.`MaNV`, `bansach`.`nhanvien`.`TenDangNhap`, `bansach`.`nhanvien`.`HoTen`, `bansach`.`nhanvien`.`VaiTro`, `bansach`.`nhanvien`.`TrangThai` FROM `bansach`.`nhanvien` WHERE (`bansach`.`nhanvien`.`MaNV` = ? AND 1=1) LIMIT ? OFFSET ?
prisma:query SELECT COUNT(*) FROM (SELECT `bansach`.`nhanvien`.`MaNV` FROM `bansach`.`nhanvien` WHERE 1=1) AS `sub`
prisma:query SELECT `bansach`.`nhanvien`.`MaNV`, `bansach`.`nhanvien`.`TenDangNhap`, `bansach`.`nhanvien`.`HoTen`, `bansach`.`nhanvien`.`Email`, `bansach`.`nhanvien`.`SoDienThoai`, `bansach`.`nhanvien`.`VaiTro`, `bansach`.`nhanvien`.`TrangThai`, `bansach`.`nhanvien`.`CreatedAt`, `bansach`.`nhanvien`.`UpdatedAt` FROM `bansach`.`nhanvien` WHERE 1=1 ORDER BY `bansach`.`nhanvien`.`CreatedAt` DESC LIMIT ? OFFSET ?
prisma:query SELECT 1
prisma:query SELECT `bansach`.`nhanvien`.`MaNV`, `bansach`.`nhanvien`.`TenDangNhap`, `bansach`.`nhanvien`.`HoTen`, `bansach`.`nhanvien`.`VaiTro`, `bansach`.`nhanvien`.`TrangThai` FROM `bansach`.`nhanvien` WHERE (`bansach`.`nhanvien`.`MaNV` = ? AND 1=1) LIMIT ? OFFSET ?
prisma:query SELECT COUNT(*) FROM (SELECT `bansach`.`nhanvien`.`MaNV` FROM `bansach`.`nhanvien` WHERE 1=1) AS `sub`
prisma:query SELECT `bansach`.`nhanvien`.`MaNV`, `bansach`.`nhanvien`.`TenDangNhap`, `bansach`.`nhanvien`.`HoTen`, `bansach`.`nhanvien`.`Email`, `bansach`.`nhanvien`.`SoDienThoai`, `bansach`.`nhanvien`.`VaiTro`, `bansach`.`nhanvien`.`TrangThai`, `bansach`.`nhanvien`.`CreatedAt`, `bansach`.`nhanvien`.`UpdatedAt` FROM `bansach`.`nhanvien` WHERE 1=1 ORDER BY `bansach`.`nhanvien`.`CreatedAt` DESC LIMIT ? OFFSET ?
prisma:query SELECT `bansach`.`nhanvien`.`MaNV`, `bansach`.`nhanvien`.`TenDangNhap`, `bansach`.`nhanvien`.`HoTen`, `bansach`.`nhanvien`.`VaiTro`, `bansach`.`nhanvien`.`TrangThai` FROM `bansach`.`nhanvien` WHERE (`bansach`.`nhanvien`.`MaNV` = ? AND 1=1) LIMIT ? OFFSET ?
prisma:query SELECT COUNT(*) FROM (SELECT `bansach`.`nhanvien`.`MaNV` FROM `bansach`.`nhanvien` WHERE 1=1) AS `sub`
prisma:query SELECT `bansach`.`nhanvien`.`MaNV`, `bansach`.`nhanvien`.`TenDangNhap`, `bansach`.`nhanvien`.`HoTen`, `bansach`.`nhanvien`.`Email`, `bansach`.`nhanvien`.`SoDienThoai`, `bansach`.`nhanvien`.`VaiTro`, `bansach`.`nhanvien`.`TrangThai`, `bansach`.`nhanvien`.`CreatedAt`, `bansach`.`nhanvien`.`UpdatedAt` FROM `bansach`.`nhanvien` WHERE 1=1 ORDER BY `bansach`.`nhanvien`.`CreatedAt` DESC LIMIT ? OFFSET ?
prisma:query SELECT `bansach`.`nhanvien`.`MaNV`, `bansach`.`nhanvien`.`TenDangNhap`, `bansach`.`nhanvien`.`HoTen`, `bansach`.`nhanvien`.`VaiTro`, `bansach`.`nhanvien`.`TrangThai` FROM `bansach`.`nhanvien` WHERE (`bansach`.`nhanvien`.`MaNV` = ? AND 1=1) LIMIT ? OFFSET ?
prisma:query SELECT COUNT(*) FROM (SELECT `bansach`.`nhanvien`.`MaNV` FROM `bansach`.`nhanvien` WHERE 1=1) AS `sub`
prisma:query SELECT `bansach`.`nhanvien`.`MaNV`, `bansach`.`nhanvien`.`TenDangNhap`, `bansach`.`nhanvien`.`HoTen`, `bansach`.`nhanvien`.`Email`, `bansach`.`nhanvien`.`SoDienThoai`, `bansach`.`nhanvien`.`VaiTro`, `bansach`.`nhanvien`.`TrangThai`, `bansach`.`nhanvien`.`CreatedAt`, `bansach`.`nhanvien`.`UpdatedAt` FROM `bansach`.`nhanvien` WHERE 1=1 ORDER BY `bansach`.`nhanvien`.`CreatedAt` DESC LIMIT ? OFFSET ?
prisma:query SELECT `bansach`.`nhanvien`.`MaNV`, `bansach`.`nhanvien`.`TenDangNhap`, `bansach`.`nhanvien`.`HoTen`, `bansach`.`nhanvien`.`VaiTro`, `bansach`.`nhanvien`.`TrangThai` FROM `bansach`.`nhanvien` WHERE (`bansach`.`nhanvien`.`MaNV` = ? AND 1=1) LIMIT ? OFFSET ?
prisma:query SELECT COUNT(*) FROM (SELECT `bansach`.`nhanvien`.`MaNV` FROM `bansach`.`nhanvien` WHERE 1=1) AS `sub`
prisma:query SELECT `bansach`.`nhanvien`.`MaNV`, `bansach`.`nhanvien`.`TenDangNhap`, `bansach`.`nhanvien`.`HoTen`, `bansach`.`nhanvien`.`Email`, `bansach`.`nhanvien`.`SoDienThoai`, `bansach`.`nhanvien`.`VaiTro`, `bansach`.`nhanvien`.`TrangThai`, `bansach`.`nhanvien`.`CreatedAt`, `bansach`.`nhanvien`.`UpdatedAt` FROM `bansach`.`nhanvien` WHERE 1=1 ORDER BY `bansach`.`nhanvien`.`CreatedAt` DESC LIMIT ? OFFSET ?
prisma:query SELECT `bansach`.`nhanvien`.`MaNV`, `bansach`.`nhanvien`.`TenDangNhap`, `bansach`.`nhanvien`.`HoTen`, `bansach`.`nhanvien`.`VaiTro`, `bansach`.`nhanvien`.`TrangThai` FROM `bansach`.`nhanvien` WHERE (`bansach`.`nhanvien`.`MaNV` = ? AND 1=1) LIMIT ? OFFSET ?
prisma:query SELECT COUNT(*) FROM (SELECT `bansach`.`nhanvien`.`MaNV` FROM `bansach`.`nhanvien` WHERE 1=1) AS `sub`
prisma:query SELECT `bansach`.`nhanvien`.`MaNV`, `bansach`.`nhanvien`.`TenDangNhap`, `bansach`.`nhanvien`.`HoTen`, `bansach`.`nhanvien`.`Email`, `bansach`.`nhanvien`.`SoDienThoai`, `bansach`.`nhanvien`.`VaiTro`, `bansach`.`nhanvien`.`TrangThai`, `bansach`.`nhanvien`.`CreatedAt`, `bansach`.`nhanvien`.`UpdatedAt` FROM `bansach`.`nhanvien` WHERE 1=1 ORDER BY `bansach`.`nhanvien`.`CreatedAt` DESC LIMIT ? OFFSET ?
prisma:query SELECT `bansach`.`nhanvien`.`MaNV`, `bansach`.`nhanvien`.`TenDangNhap`, `bansach`.`nhanvien`.`HoTen`, `bansach`.`nhanvien`.`VaiTro`, `bansach`.`nhanvien`.`TrangThai` FROM `bansach`.`nhanvien` WHERE (`bansach`.`nhanvien`.`MaNV` = ? AND 1=1) LIMIT ? OFFSET ?
prisma:query SELECT COUNT(*) FROM (SELECT `bansach`.`nhanvien`.`MaNV` FROM `bansach`.`nhanvien` WHERE 1=1) AS `sub`
prisma:query SELECT `bansach`.`nhanvien`.`MaNV`, `bansach`.`nhanvien`.`TenDangNhap`, `bansach`.`nhanvien`.`HoTen`, `bansach`.`nhanvien`.`Email`, `bansach`.`nhanvien`.`SoDienThoai`, `bansach`.`nhanvien`.`VaiTro`, `bansach`.`nhanvien`.`TrangThai`, `bansach`.`nhanvien`.`CreatedAt`, `bansach`.`nhanvien`.`UpdatedAt` FROM `bansach`.`nhanvien` WHERE 1=1 ORDER BY `bansach`.`nhanvien`.`CreatedAt` DESC LIMIT ? OFFSET ?
prisma:query SELECT `bansach`.`nhanvien`.`MaNV`, `bansach`.`nhanvien`.`TenDangNhap`, `bansach`.`nhanvien`.`HoTen`, `bansach`.`nhanvien`.`VaiTro`, `bansach`.`nhanvien`.`TrangThai` FROM `bansach`.`nhanvien` WHERE (`bansach`.`nhanvien`.`MaNV` = ? AND 1=1) LIMIT ? OFFSET ?
prisma:query SELECT COUNT(*) FROM (SELECT `bansach`.`nhanvien`.`MaNV` FROM `bansach`.`nhanvien` WHERE 1=1) AS `sub`
prisma:query SELECT `bansach`.`nhanvien`.`MaNV`, `bansach`.`nhanvien`.`TenDangNhap`, `bansach`.`nhanvien`.`HoTen`, `bansach`.`nhanvien`.`Email`, `bansach`.`nhanvien`.`SoDienThoai`, `bansach`.`nhanvien`.`VaiTro`, `bansach`.`nhanvien`.`TrangThai`, `bansach`.`nhanvien`.`CreatedAt`, `bansach`.`nhanvien`.`UpdatedAt` FROM `bansach`.`nhanvien` WHERE 1=1 ORDER BY `bansach`.`nhanvien`.`CreatedAt` DESC LIMIT ? OFFSET ?
prisma:query SELECT `bansach`.`nhanvien`.`MaNV`, `bansach`.`nhanvien`.`TenDangNhap`, `bansach`.`nhanvien`.`HoTen`, `bansach`.`nhanvien`.`VaiTro`, `bansach`.`nhanvien`.`TrangThai` FROM `bansach`.`nhanvien` WHERE (`bansach`.`nhanvien`.`MaNV` = ? AND 1=1) LIMIT ? OFFSET ?
prisma:query SELECT COUNT(*) FROM (SELECT `bansach`.`nhanvien`.`MaNV` FROM `bansach`.`nhanvien` WHERE 1=1) AS `sub`
prisma:query SELECT `bansach`.`nhanvien`.`MaNV`, `bansach`.`nhanvien`.`TenDangNhap`, `bansach`.`nhanvien`.`HoTen`, `bansach`.`nhanvien`.`Email`, `bansach`.`nhanvien`.`SoDienThoai`, `bansach`.`nhanvien`.`VaiTro`, `bansach`.`nhanvien`.`TrangThai`, `bansach`.`nhanvien`.`CreatedAt`, `bansach`.`nhanvien`.`UpdatedAt` FROM `bansach`.`nhanvien` WHERE 1=1 ORDER BY `bansach`.`nhanvien`.`CreatedAt` DESC LIMIT ? OFFSET ?
prisma:query SELECT 1
prisma:query SELECT `bansach`.`nhanvien`.`MaNV`, `bansach`.`nhanvien`.`TenDangNhap`, `bansach`.`nhanvien`.`HoTen`, `bansach`.`nhanvien`.`VaiTro`, `bansach`.`nhanvien`.`TrangThai` FROM `bansach`.`nhanvien` WHERE (`bansach`.`nhanvien`.`MaNV` = ? AND 1=1) LIMIT ? OFFSET ?
prisma:query SELECT `bansach`.`nhanvien`.`MaNV`, `bansach`.`nhanvien`.`TenDangNhap`, `bansach`.`nhanvien`.`MatKhau`, `bansach`.`nhanvien`.`HoTen`, `bansach`.`nhanvien`.`Email`, `bansach`.`nhanvien`.`SoDienThoai`, `bansach`.`nhanvien`.`VaiTro`, `bansach`.`nhanvien`.`TrangThai`, `bansach`.`nhanvien`.`CreatedAt`, `bansach`.`nhanvien`.`UpdatedAt` FROM `bansach`.`nhanvien` WHERE (`bansach`.`nhanvien`.`MaNV` = ? AND 1=1) LIMIT ? OFFSET ?
prisma:query BEGIN
prisma:query SELECT `bansach`.`nhanvien`.`MaNV` FROM `bansach`.`nhanvien` WHERE (`bansach`.`nhanvien`.`MaNV` = ? AND 1=1)
prisma:query UPDATE `bansach`.`nhanvien` SET `HoTen` = ?, `TenDangNhap` = ?, `Email` = ?, `SoDienThoai` = ?, `VaiTro` = ?, `TrangThai` = ?, `UpdatedAt` = ? WHERE (`bansach`.`nhanvien`.`MaNV` IN (?) AND (`bansach`.`nhanvien`.`MaNV` = ? AND 1=1))
prisma:query SELECT `bansach`.`nhanvien`.`MaNV`, `bansach`.`nhanvien`.`TenDangNhap`, `bansach`.`nhanvien`.`HoTen`, `bansach`.`nhanvien`.`Email`, `bansach`.`nhanvien`.`SoDienThoai`, `bansach`.`nhanvien`.`VaiTro`, `bansach`.`nhanvien`.`TrangThai`, `bansach`.`nhanvien`.`UpdatedAt` FROM `bansach`.`nhanvien` WHERE `bansach`.`nhanvien`.`MaNV` = ? LIMIT ? OFFSET ?
prisma:query COMMIT
prisma:query SELECT `bansach`.`nhanvien`.`MaNV`, `bansach`.`nhanvien`.`TenDangNhap`, `bansach`.`nhanvien`.`HoTen`, `bansach`.`nhanvien`.`VaiTro`, `bansach`.`nhanvien`.`TrangThai` FROM `bansach`.`nhanvien` WHERE (`bansach`.`nhanvien`.`MaNV` = ? AND 1=1) LIMIT ? OFFSET ?
prisma:query SELECT COUNT(*) FROM (SELECT `bansach`.`nhanvien`.`MaNV` FROM `bansach`.`nhanvien` WHERE 1=1) AS `sub`
prisma:query SELECT `bansach`.`nhanvien`.`MaNV`, `bansach`.`nhanvien`.`TenDangNhap`, `bansach`.`nhanvien`.`HoTen`, `bansach`.`nhanvien`.`Email`, `bansach`.`nhanvien`.`SoDienThoai`, `bansach`.`nhanvien`.`VaiTro`, `bansach`.`nhanvien`.`TrangThai`, `bansach`.`nhanvien`.`CreatedAt`, `bansach`.`nhanvien`.`UpdatedAt` FROM `bansach`.`nhanvien` WHERE 1=1 ORDER BY `bansach`.`nhanvien`.`CreatedAt` DESC LIMIT ? OFFSET ?
prisma:query SELECT `bansach`.`nhanvien`.`MaNV`, `bansach`.`nhanvien`.`TenDangNhap`, `bansach`.`nhanvien`.`HoTen`, `bansach`.`nhanvien`.`VaiTro`, `bansach`.`nhanvien`.`TrangThai` FROM `bansach`.`nhanvien` WHERE (`bansach`.`nhanvien`.`MaNV` = ? AND 1=1) LIMIT ? OFFSET ?
prisma:query SELECT `bansach`.`nhanvien`.`MaNV`, `bansach`.`nhanvien`.`TenDangNhap`, `bansach`.`nhanvien`.`MatKhau`, `bansach`.`nhanvien`.`HoTen`, `bansach`.`nhanvien`.`Email`, `bansach`.`nhanvien`.`SoDienThoai`, `bansach`.`nhanvien`.`VaiTro`, `bansach`.`nhanvien`.`TrangThai`, `bansach`.`nhanvien`.`CreatedAt`, `bansach`.`nhanvien`.`UpdatedAt` FROM `bansach`.`nhanvien` WHERE (`bansach`.`nhanvien`.`MaNV` = ? AND 1=1) LIMIT ? OFFSET ?
prisma:query BEGIN
prisma:query SELECT `bansach`.`nhanvien`.`MaNV` FROM `bansach`.`nhanvien` WHERE (`bansach`.`nhanvien`.`MaNV` = ? AND 1=1)
prisma:query UPDATE `bansach`.`nhanvien` SET `TrangThai` = ?, `UpdatedAt` = ? WHERE (`bansach`.`nhanvien`.`MaNV` IN (?) AND (`bansach`.`nhanvien`.`MaNV` = ? AND 1=1))
prisma:query SELECT `bansach`.`nhanvien`.`MaNV`, `bansach`.`nhanvien`.`HoTen`, `bansach`.`nhanvien`.`TrangThai` FROM `bansach`.`nhanvien` WHERE `bansach`.`nhanvien`.`MaNV` = ? LIMIT ? OFFSET ?
prisma:query COMMIT
prisma:query SELECT `bansach`.`nhanvien`.`MaNV`, `bansach`.`nhanvien`.`TenDangNhap`, `bansach`.`nhanvien`.`HoTen`, `bansach`.`nhanvien`.`VaiTro`, `bansach`.`nhanvien`.`TrangThai` FROM `bansach`.`nhanvien` WHERE (`bansach`.`nhanvien`.`MaNV` = ? AND 1=1) LIMIT ? OFFSET ?
prisma:query SELECT COUNT(*) FROM (SELECT `bansach`.`nhanvien`.`MaNV` FROM `bansach`.`nhanvien` WHERE 1=1) AS `sub`
prisma:query SELECT `bansach`.`nhanvien`.`MaNV`, `bansach`.`nhanvien`.`TenDangNhap`, `bansach`.`nhanvien`.`HoTen`, `bansach`.`nhanvien`.`Email`, `bansach`.`nhanvien`.`SoDienThoai`, `bansach`.`nhanvien`.`VaiTro`, `bansach`.`nhanvien`.`TrangThai`, `bansach`.`nhanvien`.`CreatedAt`, `bansach`.`nhanvien`.`UpdatedAt` FROM `bansach`.`nhanvien` WHERE 1=1 ORDER BY `bansach`.`nhanvien`.`CreatedAt` DESC LIMIT ? OFFSET ?
prisma:query SELECT `bansach`.`nhanvien`.`MaNV`, `bansach`.`nhanvien`.`TenDangNhap`, `bansach`.`nhanvien`.`HoTen`, `bansach`.`nhanvien`.`VaiTro`, `bansach`.`nhanvien`.`TrangThai` FROM `bansach`.`nhanvien` WHERE (`bansach`.`nhanvien`.`MaNV` = ? AND 1=1) LIMIT ? OFFSET ?
prisma:query SELECT `bansach`.`nhanvien`.`MaNV`, `bansach`.`nhanvien`.`TenDangNhap`, `bansach`.`nhanvien`.`MatKhau`, `bansach`.`nhanvien`.`HoTen`, `bansach`.`nhanvien`.`Email`, `bansach`.`nhanvien`.`SoDienThoai`, `bansach`.`nhanvien`.`VaiTro`, `bansach`.`nhanvien`.`TrangThai`, `bansach`.`nhanvien`.`CreatedAt`, `bansach`.`nhanvien`.`UpdatedAt` FROM `bansach`.`nhanvien` WHERE (`bansach`.`nhanvien`.`MaNV` = ? AND 1=1) LIMIT ? OFFSET ?
prisma:query BEGIN
prisma:query SELECT `bansach`.`nhanvien`.`MaNV` FROM `bansach`.`nhanvien` WHERE (`bansach`.`nhanvien`.`MaNV` = ? AND 1=1)
prisma:query UPDATE `bansach`.`nhanvien` SET `TrangThai` = ?, `UpdatedAt` = ? WHERE (`bansach`.`nhanvien`.`MaNV` IN (?) AND (`bansach`.`nhanvien`.`MaNV` = ? AND 1=1))
prisma:query SELECT `bansach`.`nhanvien`.`MaNV`, `bansach`.`nhanvien`.`HoTen`, `bansach`.`nhanvien`.`TrangThai` FROM `bansach`.`nhanvien` WHERE `bansach`.`nhanvien`.`MaNV` = ? LIMIT ? OFFSET ?
prisma:query COMMIT
prisma:query SELECT `bansach`.`nhanvien`.`MaNV`, `bansach`.`nhanvien`.`TenDangNhap`, `bansach`.`nhanvien`.`HoTen`, `bansach`.`nhanvien`.`VaiTro`, `bansach`.`nhanvien`.`TrangThai` FROM `bansach`.`nhanvien` WHERE (`bansach`.`nhanvien`.`MaNV` = ? AND 1=1) LIMIT ? OFFSET ?
prisma:query SELECT COUNT(*) FROM (SELECT `bansach`.`nhanvien`.`MaNV` FROM `bansach`.`nhanvien` WHERE 1=1) AS `sub`
prisma:query SELECT `bansach`.`nhanvien`.`MaNV`, `bansach`.`nhanvien`.`TenDangNhap`, `bansach`.`nhanvien`.`HoTen`, `bansach`.`nhanvien`.`Email`, `bansach`.`nhanvien`.`SoDienThoai`, `bansach`.`nhanvien`.`VaiTro`, `bansach`.`nhanvien`.`TrangThai`, `bansach`.`nhanvien`.`CreatedAt`, `bansach`.`nhanvien`.`UpdatedAt` FROM `bansach`.`nhanvien` WHERE 1=1 ORDER BY `bansach`.`nhanvien`.`CreatedAt` DESC LIMIT ? OFFSET ?
prisma:query SELECT `bansach`.`nhanvien`.`MaNV`, `bansach`.`nhanvien`.`TenDangNhap`, `bansach`.`nhanvien`.`HoTen`, `bansach`.`nhanvien`.`VaiTro`, `bansach`.`nhanvien`.`TrangThai` FROM `bansach`.`nhanvien` WHERE (`bansach`.`nhanvien`.`MaNV` = ? AND 1=1) LIMIT ? OFFSET ?
prisma:query SELECT `bansach`.`nhanvien`.`MaNV`, `bansach`.`nhanvien`.`TenDangNhap`, `bansach`.`nhanvien`.`MatKhau`, `bansach`.`nhanvien`.`HoTen`, `bansach`.`nhanvien`.`Email`, `bansach`.`nhanvien`.`SoDienThoai`, `bansach`.`nhanvien`.`VaiTro`, `bansach`.`nhanvien`.`TrangThai`, `bansach`.`nhanvien`.`CreatedAt`, `bansach`.`nhanvien`.`UpdatedAt` FROM `bansach`.`nhanvien` WHERE (`bansach`.`nhanvien`.`MaNV` = ? AND 1=1) LIMIT ? OFFSET ?
prisma:query BEGIN
prisma:query SELECT `bansach`.`nhanvien`.`MaNV` FROM `bansach`.`nhanvien` WHERE (`bansach`.`nhanvien`.`MaNV` = ? AND 1=1)
prisma:query UPDATE `bansach`.`nhanvien` SET `TrangThai` = ?, `UpdatedAt` = ? WHERE (`bansach`.`nhanvien`.`MaNV` IN (?) AND (`bansach`.`nhanvien`.`MaNV` = ? AND 1=1))
prisma:query SELECT `bansach`.`nhanvien`.`MaNV`, `bansach`.`nhanvien`.`HoTen`, `bansach`.`nhanvien`.`TrangThai` FROM `bansach`.`nhanvien` WHERE `bansach`.`nhanvien`.`MaNV` = ? LIMIT ? OFFSET ?
prisma:query COMMIT
prisma:query SELECT `bansach`.`nhanvien`.`MaNV`, `bansach`.`nhanvien`.`TenDangNhap`, `bansach`.`nhanvien`.`HoTen`, `bansach`.`nhanvien`.`VaiTro`, `bansach`.`nhanvien`.`TrangThai` FROM `bansach`.`nhanvien` WHERE (`bansach`.`nhanvien`.`MaNV` = ? AND 1=1) LIMIT ? OFFSET ?
prisma:query SELECT COUNT(*) FROM (SELECT `bansach`.`nhanvien`.`MaNV` FROM `bansach`.`nhanvien` WHERE 1=1) AS `sub`
prisma:query SELECT `bansach`.`nhanvien`.`MaNV`, `bansach`.`nhanvien`.`TenDangNhap`, `bansach`.`nhanvien`.`HoTen`, `bansach`.`nhanvien`.`Email`, `bansach`.`nhanvien`.`SoDienThoai`, `bansach`.`nhanvien`.`VaiTro`, `bansach`.`nhanvien`.`TrangThai`, `bansach`.`nhanvien`.`CreatedAt`, `bansach`.`nhanvien`.`UpdatedAt` FROM `bansach`.`nhanvien` WHERE 1=1 ORDER BY `bansach`.`nhanvien`.`CreatedAt` DESC LIMIT ? OFFSET ?
prisma:query SELECT `bansach`.`nhanvien`.`MaNV`, `bansach`.`nhanvien`.`TenDangNhap`, `bansach`.`nhanvien`.`HoTen`, `bansach`.`nhanvien`.`VaiTro`, `bansach`.`nhanvien`.`TrangThai` FROM `bansach`.`nhanvien` WHERE (`bansach`.`nhanvien`.`MaNV` = ? AND 1=1) LIMIT ? OFFSET ?
prisma:query SELECT `bansach`.`nhanvien`.`MaNV`, `bansach`.`nhanvien`.`TenDangNhap`, `bansach`.`nhanvien`.`MatKhau`, `bansach`.`nhanvien`.`HoTen`, `bansach`.`nhanvien`.`Email`, `bansach`.`nhanvien`.`SoDienThoai`, `bansach`.`nhanvien`.`VaiTro`, `bansach`.`nhanvien`.`TrangThai`, `bansach`.`nhanvien`.`CreatedAt`, `bansach`.`nhanvien`.`UpdatedAt` FROM `bansach`.`nhanvien` WHERE (`bansach`.`nhanvien`.`MaNV` = ? AND 1=1) LIMIT ? OFFSET ?
prisma:query BEGIN
prisma:query SELECT `bansach`.`nhanvien`.`MaNV` FROM `bansach`.`nhanvien` WHERE (`bansach`.`nhanvien`.`MaNV` = ? AND 1=1)
prisma:query UPDATE `bansach`.`nhanvien` SET `TrangThai` = ?, `UpdatedAt` = ? WHERE (`bansach`.`nhanvien`.`MaNV` IN (?) AND (`bansach`.`nhanvien`.`MaNV` = ? AND 1=1))
prisma:query SELECT `bansach`.`nhanvien`.`MaNV`, `bansach`.`nhanvien`.`TenDangNhap`, `bansach`.`nhanvien`.`MatKhau`, `bansach`.`nhanvien`.`HoTen`, `bansach`.`nhanvien`.`Email`, `bansach`.`nhanvien`.`SoDienThoai`, `bansach`.`nhanvien`.`VaiTro`, `bansach`.`nhanvien`.`TrangThai`, `bansach`.`nhanvien`.`CreatedAt`, `bansach`.`nhanvien`.`UpdatedAt` FROM `bansach`.`nhanvien` WHERE `bansach`.`nhanvien`.`MaNV` = ? LIMIT ? OFFSET ?
prisma:query COMMIT
prisma:query SELECT `bansach`.`nhanvien`.`MaNV`, `bansach`.`nhanvien`.`TenDangNhap`, `bansach`.`nhanvien`.`HoTen`, `bansach`.`nhanvien`.`VaiTro`, `bansach`.`nhanvien`.`TrangThai` FROM `bansach`.`nhanvien` WHERE (`bansach`.`nhanvien`.`MaNV` = ? AND 1=1) LIMIT ? OFFSET ?
prisma:query SELECT COUNT(*) FROM (SELECT `bansach`.`nhanvien`.`MaNV` FROM `bansach`.`nhanvien` WHERE 1=1) AS `sub`
prisma:query SELECT `bansach`.`nhanvien`.`MaNV`, `bansach`.`nhanvien`.`TenDangNhap`, `bansach`.`nhanvien`.`HoTen`, `bansach`.`nhanvien`.`Email`, `bansach`.`nhanvien`.`SoDienThoai`, `bansach`.`nhanvien`.`VaiTro`, `bansach`.`nhanvien`.`TrangThai`, `bansach`.`nhanvien`.`CreatedAt`, `bansach`.`nhanvien`.`UpdatedAt` FROM `bansach`.`nhanvien` WHERE 1=1 ORDER BY `bansach`.`nhanvien`.`CreatedAt` DESC LIMIT ? OFFSET ?
prisma:query SELECT `bansach`.`nhanvien`.`MaNV`, `bansach`.`nhanvien`.`TenDangNhap`, `bansach`.`nhanvien`.`HoTen`, `bansach`.`nhanvien`.`VaiTro`, `bansach`.`nhanvien`.`TrangThai` FROM `bansach`.`nhanvien` WHERE (`bansach`.`nhanvien`.`MaNV` = ? AND 1=1) LIMIT ? OFFSET ?
prisma:query SELECT `bansach`.`nhanvien`.`MaNV`, `bansach`.`nhanvien`.`TenDangNhap`, `bansach`.`nhanvien`.`MatKhau`, `bansach`.`nhanvien`.`HoTen`, `bansach`.`nhanvien`.`Email`, `bansach`.`nhanvien`.`SoDienThoai`, `bansach`.`nhanvien`.`VaiTro`, `bansach`.`nhanvien`.`TrangThai`, `bansach`.`nhanvien`.`CreatedAt`, `bansach`.`nhanvien`.`UpdatedAt` FROM `bansach`.`nhanvien` WHERE (`bansach`.`nhanvien`.`MaNV` = ? AND 1=1) LIMIT ? OFFSET ?
prisma:query BEGIN
prisma:query SELECT `bansach`.`nhanvien`.`MaNV` FROM `bansach`.`nhanvien` WHERE (`bansach`.`nhanvien`.`MaNV` = ? AND 1=1)
prisma:query UPDATE `bansach`.`nhanvien` SET `TrangThai` = ?, `UpdatedAt` = ? WHERE (`bansach`.`nhanvien`.`MaNV` IN (?) AND (`bansach`.`nhanvien`.`MaNV` = ? AND 1=1))
prisma:query SELECT `bansach`.`nhanvien`.`MaNV`, `bansach`.`nhanvien`.`TenDangNhap`, `bansach`.`nhanvien`.`MatKhau`, `bansach`.`nhanvien`.`HoTen`, `bansach`.`nhanvien`.`Email`, `bansach`.`nhanvien`.`SoDienThoai`, `bansach`.`nhanvien`.`VaiTro`, `bansach`.`nhanvien`.`TrangThai`, `bansach`.`nhanvien`.`CreatedAt`, `bansach`.`nhanvien`.`UpdatedAt` FROM `bansach`.`nhanvien` WHERE `bansach`.`nhanvien`.`MaNV` = ? LIMIT ? OFFSET ?
prisma:query COMMIT
prisma:query SELECT `bansach`.`nhanvien`.`MaNV`, `bansach`.`nhanvien`.`TenDangNhap`, `bansach`.`nhanvien`.`HoTen`, `bansach`.`nhanvien`.`VaiTro`, `bansach`.`nhanvien`.`TrangThai` FROM `bansach`.`nhanvien` WHERE (`bansach`.`nhanvien`.`MaNV` = ? AND 1=1) LIMIT ? OFFSET ?
prisma:query SELECT COUNT(*) FROM (SELECT `bansach`.`nhanvien`.`MaNV` FROM `bansach`.`nhanvien` WHERE 1=1) AS `sub`
prisma:query SELECT `bansach`.`nhanvien`.`MaNV`, `bansach`.`nhanvien`.`TenDangNhap`, `bansach`.`nhanvien`.`HoTen`, `bansach`.`nhanvien`.`Email`, `bansach`.`nhanvien`.`SoDienThoai`, `bansach`.`nhanvien`.`VaiTro`, `bansach`.`nhanvien`.`TrangThai`, `bansach`.`nhanvien`.`CreatedAt`, `bansach`.`nhanvien`.`UpdatedAt` FROM `bansach`.`nhanvien` WHERE 1=1 ORDER BY `bansach`.`nhanvien`.`CreatedAt` DESC LIMIT ? OFFSET ?
prisma:query SELECT `bansach`.`nhanvien`.`MaNV`, `bansach`.`nhanvien`.`TenDangNhap`, `bansach`.`nhanvien`.`HoTen`, `bansach`.`nhanvien`.`VaiTro`, `bansach`.`nhanvien`.`TrangThai` FROM `bansach`.`nhanvien` WHERE (`bansach`.`nhanvien`.`MaNV` = ? AND 1=1) LIMIT ? OFFSET ?
prisma:query SELECT `bansach`.`nhanvien`.`MaNV`, `bansach`.`nhanvien`.`TenDangNhap`, `bansach`.`nhanvien`.`MatKhau`, `bansach`.`nhanvien`.`HoTen`, `bansach`.`nhanvien`.`Email`, `bansach`.`nhanvien`.`SoDienThoai`, `bansach`.`nhanvien`.`VaiTro`, `bansach`.`nhanvien`.`TrangThai`, `bansach`.`nhanvien`.`CreatedAt`, `bansach`.`nhanvien`.`UpdatedAt` FROM `bansach`.`nhanvien` WHERE (`bansach`.`nhanvien`.`MaNV` = ? AND 1=1) LIMIT ? OFFSET ?
prisma:query BEGIN
prisma:query SELECT `bansach`.`nhanvien`.`MaNV` FROM `bansach`.`nhanvien` WHERE (`bansach`.`nhanvien`.`MaNV` = ? AND 1=1)
prisma:query UPDATE `bansach`.`nhanvien` SET `TrangThai` = ?, `UpdatedAt` = ? WHERE (`bansach`.`nhanvien`.`MaNV` IN (?) AND (`bansach`.`nhanvien`.`MaNV` = ? AND 1=1))
prisma:query SELECT `bansach`.`nhanvien`.`MaNV`, `bansach`.`nhanvien`.`TenDangNhap`, `bansach`.`nhanvien`.`MatKhau`, `bansach`.`nhanvien`.`HoTen`, `bansach`.`nhanvien`.`Email`, `bansach`.`nhanvien`.`SoDienThoai`, `bansach`.`nhanvien`.`VaiTro`, `bansach`.`nhanvien`.`TrangThai`, `bansach`.`nhanvien`.`CreatedAt`, `bansach`.`nhanvien`.`UpdatedAt` FROM `bansach`.`nhanvien` WHERE `bansach`.`nhanvien`.`MaNV` = ? LIMIT ? OFFSET ?
prisma:query COMMIT
prisma:query SELECT `bansach`.`nhanvien`.`MaNV`, `bansach`.`nhanvien`.`TenDangNhap`, `bansach`.`nhanvien`.`HoTen`, `bansach`.`nhanvien`.`VaiTro`, `bansach`.`nhanvien`.`TrangThai` FROM `bansach`.`nhanvien` WHERE (`bansach`.`nhanvien`.`MaNV` = ? AND 1=1) LIMIT ? OFFSET ?
prisma:query SELECT COUNT(*) FROM (SELECT `bansach`.`nhanvien`.`MaNV` FROM `bansach`.`nhanvien` WHERE 1=1) AS `sub`
prisma:query SELECT `bansach`.`nhanvien`.`MaNV`, `bansach`.`nhanvien`.`TenDangNhap`, `bansach`.`nhanvien`.`HoTen`, `bansach`.`nhanvien`.`Email`, `bansach`.`nhanvien`.`SoDienThoai`, `bansach`.`nhanvien`.`VaiTro`, `bansach`.`nhanvien`.`TrangThai`, `bansach`.`nhanvien`.`CreatedAt`, `bansach`.`nhanvien`.`UpdatedAt` FROM `bansach`.`nhanvien` WHERE 1=1 ORDER BY `bansach`.`nhanvien`.`CreatedAt` DESC LIMIT ? OFFSET ?
prisma:query SELECT 1
prisma:query SELECT `bansach`.`nhanvien`.`MaNV`, `bansach`.`nhanvien`.`TenDangNhap`, `bansach`.`nhanvien`.`HoTen`, `bansach`.`nhanvien`.`VaiTro`, `bansach`.`nhanvien`.`TrangThai` FROM `bansach`.`nhanvien` WHERE (`bansach`.`nhanvien`.`MaNV` = ? AND 1=1) LIMIT ? OFFSET ?
prisma:query SELECT COUNT(*) FROM (SELECT `bansach`.`nhanvien`.`MaNV` FROM `bansach`.`nhanvien` WHERE 1=1) AS `sub`
prisma:query SELECT `bansach`.`nhanvien`.`MaNV`, `bansach`.`nhanvien`.`TenDangNhap`, `bansach`.`nhanvien`.`HoTen`, `bansach`.`nhanvien`.`Email`, `bansach`.`nhanvien`.`SoDienThoai`, `bansach`.`nhanvien`.`VaiTro`, `bansach`.`nhanvien`.`TrangThai`, `bansach`.`nhanvien`.`CreatedAt`, `bansach`.`nhanvien`.`UpdatedAt` FROM `bansach`.`nhanvien` WHERE 1=1 ORDER BY `bansach`.`nhanvien`.`CreatedAt` DESC LIMIT ? OFFSET ?
prisma:query SELECT `bansach`.`nhanvien`.`MaNV`, `bansach`.`nhanvien`.`TenDangNhap`, `bansach`.`nhanvien`.`HoTen`, `bansach`.`nhanvien`.`VaiTro`, `bansach`.`nhanvien`.`TrangThai` FROM `bansach`.`nhanvien` WHERE (`bansach`.`nhanvien`.`MaNV` = ? AND 1=1) LIMIT ? OFFSET ?
prisma:query SELECT COUNT(*) FROM (SELECT `bansach`.`nhanvien`.`MaNV` FROM `bansach`.`nhanvien` WHERE 1=1) AS `sub`
prisma:query SELECT `bansach`.`nhanvien`.`MaNV`, `bansach`.`nhanvien`.`TenDangNhap`, `bansach`.`nhanvien`.`HoTen`, `bansach`.`nhanvien`.`Email`, `bansach`.`nhanvien`.`SoDienThoai`, `bansach`.`nhanvien`.`VaiTro`, `bansach`.`nhanvien`.`TrangThai`, `bansach`.`nhanvien`.`CreatedAt`, `bansach`.`nhanvien`.`UpdatedAt` FROM `bansach`.`nhanvien` WHERE 1=1 ORDER BY `bansach`.`nhanvien`.`CreatedAt` DESC LIMIT ? OFFSET ?
prisma:query SELECT `bansach`.`nhanvien`.`MaNV`, `bansach`.`nhanvien`.`TenDangNhap`, `bansach`.`nhanvien`.`HoTen`, `bansach`.`nhanvien`.`VaiTro`, `bansach`.`nhanvien`.`TrangThai` FROM `bansach`.`nhanvien` WHERE (`bansach`.`nhanvien`.`MaNV` = ? AND 1=1) LIMIT ? OFFSET ?
prisma:query SELECT `bansach`.`nhanvien`.`MaNV`, `bansach`.`nhanvien`.`TenDangNhap`, `bansach`.`nhanvien`.`MatKhau`, `bansach`.`nhanvien`.`HoTen`, `bansach`.`nhanvien`.`Email`, `bansach`.`nhanvien`.`SoDienThoai`, `bansach`.`nhanvien`.`VaiTro`, `bansach`.`nhanvien`.`TrangThai`, `bansach`.`nhanvien`.`CreatedAt`, `bansach`.`nhanvien`.`UpdatedAt` FROM `bansach`.`nhanvien` WHERE (`bansach`.`nhanvien`.`TenDangNhap` = ? AND 1=1) LIMIT ? OFFSET ?
prisma:query SELECT 1
prisma:query SELECT `bansach`.`nhanvien`.`MaNV`, `bansach`.`nhanvien`.`TenDangNhap`, `bansach`.`nhanvien`.`MatKhau`, `bansach`.`nhanvien`.`HoTen`, `bansach`.`nhanvien`.`Email`, `bansach`.`nhanvien`.`SoDienThoai`, `bansach`.`nhanvien`.`VaiTro`, `bansach`.`nhanvien`.`TrangThai`, `bansach`.`nhanvien`.`CreatedAt`, `bansach`.`nhanvien`.`UpdatedAt` FROM `bansach`.`nhanvien` WHERE (`bansach`.`nhanvien`.`TenDangNhap` = ? AND 1=1) LIMIT ? OFFSET ?
prisma:query SELECT 1
prisma:query SELECT `bansach`.`nhanvien`.`MaNV`, `bansach`.`nhanvien`.`TenDangNhap`, `bansach`.`nhanvien`.`HoTen`, `bansach`.`nhanvien`.`VaiTro`, `bansach`.`nhanvien`.`TrangThai` FROM `bansach`.`nhanvien` WHERE (`bansach`.`nhanvien`.`MaNV` = ? AND 1=1) LIMIT ? OFFSET ?
prisma:query SELECT COUNT(*) FROM (SELECT `bansach`.`nhanvien`.`MaNV` FROM `bansach`.`nhanvien` WHERE 1=1) AS `sub`
prisma:query SELECT `bansach`.`nhanvien`.`MaNV`, `bansach`.`nhanvien`.`TenDangNhap`, `bansach`.`nhanvien`.`HoTen`, `bansach`.`nhanvien`.`Email`, `bansach`.`nhanvien`.`SoDienThoai`, `bansach`.`nhanvien`.`VaiTro`, `bansach`.`nhanvien`.`TrangThai`, `bansach`.`nhanvien`.`CreatedAt`, `bansach`.`nhanvien`.`UpdatedAt` FROM `bansach`.`nhanvien` WHERE 1=1 ORDER BY `bansach`.`nhanvien`.`CreatedAt` DESC LIMIT ? OFFSET ?
prisma:query SELECT `bansach`.`nhanvien`.`MaNV`, `bansach`.`nhanvien`.`TenDangNhap`, `bansach`.`nhanvien`.`HoTen`, `bansach`.`nhanvien`.`VaiTro`, `bansach`.`nhanvien`.`TrangThai` FROM `bansach`.`nhanvien` WHERE (`bansach`.`nhanvien`.`MaNV` = ? AND 1=1) LIMIT ? OFFSET ?
prisma:query SELECT COUNT(*) FROM (SELECT `bansach`.`nhanvien`.`MaNV` FROM `bansach`.`nhanvien` WHERE 1=1) AS `sub`
prisma:query SELECT `bansach`.`nhanvien`.`MaNV`, `bansach`.`nhanvien`.`TenDangNhap`, `bansach`.`nhanvien`.`HoTen`, `bansach`.`nhanvien`.`Email`, `bansach`.`nhanvien`.`SoDienThoai`, `bansach`.`nhanvien`.`VaiTro`, `bansach`.`nhanvien`.`TrangThai`, `bansach`.`nhanvien`.`CreatedAt`, `bansach`.`nhanvien`.`UpdatedAt` FROM `bansach`.`nhanvien` WHERE 1=1 ORDER BY `bansach`.`nhanvien`.`CreatedAt` DESC LIMIT ? OFFSET ?
